<html>
<body>
<pre>
<h1>µVision Build Log</h1>
<h2>Tool Versions:</h2>
IDE-Version: ¦ÌVision V5.25.3.0
Copyright (C) 2018 ARM Ltd and ARM Germany GmbH. All rights reserved.
License Information: 1 hafeizhou, 1, LIC=KRMW3-AVUE3-30ZNC-7PSXJ-55IID-AHTKR
 
Tool Versions:
Toolchain:       MDK-ARM Plus  Version: 5.28.0.0
Toolchain Path:  C:\Keil_v5\ARM\ARMCC\Bin
C Compiler:      Armcc.exe V5.06 update 6 (build 750)
Assembler:       Armasm.exe V5.06 update 6 (build 750)
Linker/Locator:  ArmLink.exe V5.06 update 6 (build 750)
Library Manager: ArmAr.exe V5.06 update 6 (build 750)
Hex Converter:   FromElf.exe V5.06 update 6 (build 750)
CPU DLL:         SARMCM3.DLL V5.28.0.0
Dialog DLL:      DCM.DLL V1.17.3.0
Target DLL:      CMSIS_AGDI.dll V1.31.18.0
Dialog DLL:      TCM.DLL V1.36.2.0
 
<h2>Project:</h2>
H:\jswjj\Graduation-project-Design-of-intelligent-building-security-system-based-on-STM32-cloud-platform\RC522\Project.uvprojx
Project File Date:  08/08/2025

<h2>Output:</h2>
*** Using Compiler 'V5.06 update 6 (build 750)', folder: 'C:\Keil_v5\ARM\ARMCC\Bin'
Build target 'Target 1'
assembling startup_stm32f10x_md.s...
compiling stm32f10x_adc.c...
compiling system_stm32f10x.c...
compiling Delay.c...
compiling Flash.c...
compiling misc.c...
compiling core_cm3.c...
compiling sys.c...
compiling stm32f10x_bkp.c...
compiling stm32f10x_cec.c...
compiling stm32f10x_can.c...
compiling stm32f10x_dma.c...
compiling stm32f10x_dbgmcu.c...
compiling stm32f10x_dac.c...
compiling stm32f10x_crc.c...
compiling stm32f10x_exti.c...
compiling stm32f10x_flash.c...
compiling stm32f10x_fsmc.c...
compiling stm32f10x_iwdg.c...
compiling stm32f10x_i2c.c...
compiling stm32f10x_rcc.c...
compiling stm32f10x_pwr.c...
compiling stm32f10x_gpio.c...
compiling stm32f10x_rtc.c...
compiling stm32f10x_sdio.c...
compiling stm32f10x_spi.c...
compiling stm32f10x_wwdg.c...
compiling PWM.c...
compiling stm32f10x_tim.c...
compiling Servo.c...
compiling stm32f10x_usart.c...
compiling RC522.c...
compiling BUZZER.c...
compiling key.c...
compiling as608.c...
compiling stm32f10x_it.c...
compiling main.c...
compiling timer.c...
compiling oled_iic.c...
compiling usart3.c...
linking...
Program Size: Code=12490 RO-data=286 RW-data=3384 ZI-data=2432  
FromELF: creating hex file...
After Build - User command #1: C:\Keil_v5\Keil5_disp_size_bar_v0.4.exe
[Keil5_disp_size_bar V0.4]: find project satrt!
[Keil5_disp_size_bar V0.4]: Found file: .//Project.uvprojx
[Keil5_disp_size_bar V0.4]: Found file: .//Project.uvprojx
[Keil5_disp_size_bar V0.4]: find map file start
[Keil5_disp_size_bar V0.4]: Found file: .//Listings/Project.map
[Keil5_disp_size_bar V0.4]: map file read end
ram:
   20 KB   ram1:|¡ö¡ö¡ö¡ö¡ö_______________| 28.40 % (    5.68 KB /    20.00 KB) [14664 B]
flash:
   64 KB flash1:|¡ö¡ö¡ö_________________| 19.49 % (   12.48 KB /    64.00 KB) [52760 B]
 
".\Objects\Project.axf" - 0 Error(s), 0 Warning(s).

<h2>Software Packages used:</h2>

Package Vendor: Keil
                http://www.keil.com/pack/Keil.STM32F1xx_DFP.2.4.0.pack
                Keil.STM32F1xx_DFP.2.4.0
                STMicroelectronics STM32F1 Series Device Support, Drivers and Examples

<h2>Collection of Component include folders:</h2>
  .\RTE\_Target_1
  C:\Users\hafeizhou\AppData\Local\Arm\Packs\Keil\STM32F1xx_DFP\2.4.0\Device\Include

<h2>Collection of Component Files used:</h2>
Build Time Elapsed:  00:00:08
</pre>
</body>
</html>
