Component: ARM Compiler 5.06 update 6 (build 750) Tool: armlink [4d35ed]

==============================================================================

Section Cross References

    startup_stm32f103xe.o(RESET) refers to startup_stm32f103xe.o(STACK) for __initial_sp
    startup_stm32f103xe.o(RESET) refers to startup_stm32f103xe.o(.text) for Reset_Handler
    startup_stm32f103xe.o(RESET) refers to stm32f1xx_it.o(i.NMI_Handler) for NMI_Handler
    startup_stm32f103xe.o(RESET) refers to stm32f1xx_it.o(i.HardFault_Handler) for HardFault_Handler
    startup_stm32f103xe.o(RESET) refers to stm32f1xx_it.o(i.MemManage_Handler) for MemManage_Handler
    startup_stm32f103xe.o(RESET) refers to stm32f1xx_it.o(i.BusFault_Handler) for BusFault_Handler
    startup_stm32f103xe.o(RESET) refers to stm32f1xx_it.o(i.UsageFault_Handler) for UsageFault_Handler
    startup_stm32f103xe.o(RESET) refers to stm32f1xx_it.o(i.SVC_Handler) for SVC_Handler
    startup_stm32f103xe.o(RESET) refers to stm32f1xx_it.o(i.DebugMon_Handler) for DebugMon_Handler
    startup_stm32f103xe.o(RESET) refers to stm32f1xx_it.o(i.PendSV_Handler) for PendSV_Handler
    startup_stm32f103xe.o(RESET) refers to stm32f1xx_it.o(i.SysTick_Handler) for SysTick_Handler
    startup_stm32f103xe.o(RESET) refers to stm32f1xx_it.o(i.DMA1_Channel4_IRQHandler) for DMA1_Channel4_IRQHandler
    startup_stm32f103xe.o(RESET) refers to stm32f1xx_it.o(i.DMA1_Channel5_IRQHandler) for DMA1_Channel5_IRQHandler
    startup_stm32f103xe.o(RESET) refers to stm32f1xx_it.o(i.DMA1_Channel6_IRQHandler) for DMA1_Channel6_IRQHandler
    startup_stm32f103xe.o(RESET) refers to stm32f1xx_it.o(i.DMA1_Channel7_IRQHandler) for DMA1_Channel7_IRQHandler
    startup_stm32f103xe.o(RESET) refers to stm32f1xx_it.o(i.USART1_IRQHandler) for USART1_IRQHandler
    startup_stm32f103xe.o(RESET) refers to stm32f1xx_it.o(i.USART2_IRQHandler) for USART2_IRQHandler
    startup_stm32f103xe.o(.text) refers to system_stm32f1xx.o(i.SystemInit) for SystemInit
    startup_stm32f103xe.o(.text) refers to entry.o(.ARM.Collect$$$$00000000) for __main
    oled.o(i.OLED_Clear) refers to oled.o(i.OLED_WR_Cmd) for OLED_WR_Cmd
    oled.o(i.OLED_Clear) refers to oled.o(i.OLED_WR_Data) for OLED_WR_Data
    oled.o(i.OLED_Display_Off) refers to oled.o(i.OLED_WR_Cmd) for OLED_WR_Cmd
    oled.o(i.OLED_Display_On) refers to oled.o(i.OLED_WR_Cmd) for OLED_WR_Cmd
    oled.o(i.OLED_DrawBMP) refers to oled.o(i.OLED_Set_Pos) for OLED_Set_Pos
    oled.o(i.OLED_DrawBMP) refers to oled.o(i.OLED_WR_Data) for OLED_WR_Data
    oled.o(i.OLED_Init) refers to stm32f1xx_hal_i2c.o(i.HAL_I2C_Mem_Write) for HAL_I2C_Mem_Write
    oled.o(i.OLED_Init) refers to oled.o(.data) for CMD_Data
    oled.o(i.OLED_Init) refers to i2c.o(.bss) for hi2c1
    oled.o(i.OLED_Refresh) refers to oled.o(i.OLED_WR_Cmd) for OLED_WR_Cmd
    oled.o(i.OLED_Refresh) refers to oled.o(i.OLED_WR_Data) for OLED_WR_Data
    oled.o(i.OLED_Set_Pos) refers to oled.o(i.OLED_WR_Cmd) for OLED_WR_Cmd
    oled.o(i.OLED_Show6float) refers to f2d.o(.text) for __aeabi_f2d
    oled.o(i.OLED_Show6float) refers to printfa.o(i.__0sprintf) for __2sprintf
    oled.o(i.OLED_Show6float) refers to cfrcmple.o(.text) for __aeabi_cfrcmple
    oled.o(i.OLED_Show6float) refers to oled.o(i.OLED_ShowString) for OLED_ShowString
    oled.o(i.OLED_ShowCHinese) refers to oled.o(i.OLED_Set_Pos) for OLED_Set_Pos
    oled.o(i.OLED_ShowCHinese) refers to oled.o(i.OLED_WR_Data) for OLED_WR_Data
    oled.o(i.OLED_ShowCHinese) refers to oled.o(.data) for Hzk
    oled.o(i.OLED_ShowChar) refers to oled.o(i.OLED_Set_Pos) for OLED_Set_Pos
    oled.o(i.OLED_ShowChar) refers to oled.o(i.OLED_WR_Data) for OLED_WR_Data
    oled.o(i.OLED_ShowChar) refers to oled.o(.constdata) for F8X16
    oled.o(i.OLED_ShowNum) refers to oled.o(i.oled_pow) for oled_pow
    oled.o(i.OLED_ShowNum) refers to oled.o(i.OLED_ShowChar) for OLED_ShowChar
    oled.o(i.OLED_ShowString) refers to oled.o(i.OLED_ShowChar) for OLED_ShowChar
    oled.o(i.OLED_ShowWte) refers to oled.o(i.OLED_Set_Pos) for OLED_Set_Pos
    oled.o(i.OLED_ShowWte) refers to oled.o(i.OLED_WR_Data) for OLED_WR_Data
    oled.o(i.OLED_ShowWte) refers to oled.o(.data) for wte
    oled.o(i.OLED_Showblk) refers to oled.o(i.OLED_Set_Pos) for OLED_Set_Pos
    oled.o(i.OLED_Showblk) refers to oled.o(i.OLED_WR_Data) for OLED_WR_Data
    oled.o(i.OLED_Showblk) refers to oled.o(.data) for blk
    oled.o(i.OLED_Showfloat) refers to f2d.o(.text) for __aeabi_f2d
    oled.o(i.OLED_Showfloat) refers to printfa.o(i.__0sprintf) for __2sprintf
    oled.o(i.OLED_Showfloat) refers to cfrcmple.o(.text) for __aeabi_cfrcmple
    oled.o(i.OLED_Showfloat) refers to oled.o(i.OLED_ShowString) for OLED_ShowString
    oled.o(i.OLED_ShownNum) refers to oled.o(i.OLED_ShowChar) for OLED_ShowChar
    oled.o(i.OLED_ShownNum) refers to oled.o(i.OLED_ShowNum) for OLED_ShowNum
    oled.o(i.OLED_Showwifi) refers to oled.o(i.OLED_Set_Pos) for OLED_Set_Pos
[...]
    i.HAL_NVIC_EnableIRQ                     0x08001dd8   Section        0  stm32f1xx_hal_cortex.o(i.HAL_NVIC_EnableIRQ)
    i.HAL_NVIC_SetPriority                   0x08001df8   Section        0  stm32f1xx_hal_cortex.o(i.HAL_NVIC_SetPriority)
    i.HAL_NVIC_SetPriorityGrouping           0x08001e74   Section        0  stm32f1xx_hal_cortex.o(i.HAL_NVIC_SetPriorityGrouping)
    i.HAL_RCC_ClockConfig                    0x08001e9c   Section        0  stm32f1xx_hal_rcc.o(i.HAL_RCC_ClockConfig)
    i.HAL_RCC_GetHCLKFreq                    0x08002028   Section        0  stm32f1xx_hal_rcc.o(i.HAL_RCC_GetHCLKFreq)
    i.HAL_RCC_GetPCLK1Freq                   0x08002034   Section        0  stm32f1xx_hal_rcc.o(i.HAL_RCC_GetPCLK1Freq)
    i.HAL_RCC_GetPCLK2Freq                   0x08002054   Section        0  stm32f1xx_hal_rcc.o(i.HAL_RCC_GetPCLK2Freq)
    i.HAL_RCC_GetSysClockFreq                0x08002074   Section        0  stm32f1xx_hal_rcc.o(i.HAL_RCC_GetSysClockFreq)
    i.HAL_RCC_OscConfig                      0x080020e4   Section        0  stm32f1xx_hal_rcc.o(i.HAL_RCC_OscConfig)
    i.HAL_SYSTICK_Config                     0x08002548   Section        0  stm32f1xx_hal_cortex.o(i.HAL_SYSTICK_Config)
    i.HAL_TIMEx_ConfigBreakDeadTime          0x0800257c   Section        0  stm32f1xx_hal_tim_ex.o(i.HAL_TIMEx_ConfigBreakDeadTime)
    i.HAL_TIMEx_MasterConfigSynchronization  0x080025f0   Section        0  stm32f1xx_hal_tim_ex.o(i.HAL_TIMEx_MasterConfigSynchronization)
    i.HAL_TIM_Base_Init                      0x0800268c   Section        0  stm32f1xx_hal_tim.o(i.HAL_TIM_Base_Init)
    i.HAL_TIM_Base_MspInit                   0x080026f4   Section        0  tim.o(i.HAL_TIM_Base_MspInit)
    i.HAL_TIM_Base_Start                     0x08002748   Section        0  stm32f1xx_hal_tim.o(i.HAL_TIM_Base_Start)
    i.HAL_TIM_Base_Stop                      0x080027cc   Section        0  stm32f1xx_hal_tim.o(i.HAL_TIM_Base_Stop)
    i.HAL_TIM_ConfigClockSource              0x080027fe   Section        0  stm32f1xx_hal_tim.o(i.HAL_TIM_ConfigClockSource)
    i.HAL_TIM_MspPostInit                    0x0800290c   Section        0  tim.o(i.HAL_TIM_MspPostInit)
    i.HAL_TIM_PWM_ConfigChannel              0x08002980   Section        0  stm32f1xx_hal_tim.o(i.HAL_TIM_PWM_ConfigChannel)
    i.HAL_TIM_PWM_Init                       0x08002a84   Section        0  stm32f1xx_hal_tim.o(i.HAL_TIM_PWM_Init)
    i.HAL_TIM_PWM_MspInit                    0x08002aea   Section        0  stm32f1xx_hal_tim.o(i.HAL_TIM_PWM_MspInit)
    i.HAL_TIM_PWM_Start                      0x08002aec   Section        0  stm32f1xx_hal_tim.o(i.HAL_TIM_PWM_Start)
    i.HAL_UARTEx_RxEventCallback             0x08002be0   Section        0  stm32f1xx_hal_uart.o(i.HAL_UARTEx_RxEventCallback)
    i.HAL_UART_DMAStop                       0x08002be2   Section        0  stm32f1xx_hal_uart.o(i.HAL_UART_DMAStop)
    i.HAL_UART_ErrorCallback                 0x08002c6c   Section        0  stm32f1xx_hal_uart.o(i.HAL_UART_ErrorCallback)
    i.HAL_UART_IRQHandler                    0x08002c70   Section        0  stm32f1xx_hal_uart.o(i.HAL_UART_IRQHandler)
    i.HAL_UART_Init                          0x08002f54   Section        0  stm32f1xx_hal_uart.o(i.HAL_UART_Init)
    i.HAL_UART_MspInit                       0x08002fcc   Section        0  usart.o(i.HAL_UART_MspInit)
    i.HAL_UART_Receive_DMA                   0x08003238   Section        0  stm32f1xx_hal_uart.o(i.HAL_UART_Receive_DMA)
    i.HAL_UART_RxCpltCallback                0x08003264   Section        0  stm32f1xx_hal_uart.o(i.HAL_UART_RxCpltCallback)
    i.HAL_UART_RxHalfCpltCallback            0x08003266   Section        0  stm32f1xx_hal_uart.o(i.HAL_UART_RxHalfCpltCallback)
    i.HAL_UART_Transmit                      0x08003268   Section        0  stm32f1xx_hal_uart.o(i.HAL_UART_Transmit)
    i.HAL_UART_TxCpltCallback                0x08003326   Section        0  stm32f1xx_hal_uart.o(i.HAL_UART_TxCpltCallback)
    i.HardFault_Handler                      0x08003328   Section        0  stm32f1xx_it.o(i.HardFault_Handler)
    i.I2C_IsAcknowledgeFailed                0x0800332c   Section        0  stm32f1xx_hal_i2c.o(i.I2C_IsAcknowledgeFailed)
    I2C_IsAcknowledgeFailed                  0x0800332d   Thumb Code    62  stm32f1xx_hal_i2c.o(i.I2C_IsAcknowledgeFailed)
    i.I2C_RequestMemoryWrite                 0x0800336c   Section        0  stm32f1xx_hal_i2c.o(i.I2C_RequestMemoryWrite)
    I2C_RequestMemoryWrite                   0x0800336d   Thumb Code   220  stm32f1xx_hal_i2c.o(i.I2C_RequestMemoryWrite)
    i.I2C_WaitOnBTFFlagUntilTimeout          0x0800344c   Section        0  stm32f1xx_hal_i2c.o(i.I2C_WaitOnBTFFlagUntilTimeout)
    I2C_WaitOnBTFFlagUntilTimeout            0x0800344d   Thumb Code   102  stm32f1xx_hal_i2c.o(i.I2C_WaitOnBTFFlagUntilTimeout)
    i.I2C_WaitOnFlagUntilTimeout             0x080034b2   Section        0  stm32f1xx_hal_i2c.o(i.I2C_WaitOnFlagUntilTimeout)
    I2C_WaitOnFlagUntilTimeout               0x080034b3   Thumb Code   190  stm32f1xx_hal_i2c.o(i.I2C_WaitOnFlagUntilTimeout)
    i.I2C_WaitOnMasterAddressFlagUntilTimeout 0x08003570   Section        0  stm32f1xx_hal_i2c.o(i.I2C_WaitOnMasterAddressFlagUntilTimeout)
    I2C_WaitOnMasterAddressFlagUntilTimeout  0x08003571   Thumb Code   250  stm32f1xx_hal_i2c.o(i.I2C_WaitOnMasterAddressFlagUntilTimeout)
    i.I2C_WaitOnTXEFlagUntilTimeout          0x0800366a   Section        0  stm32f1xx_hal_i2c.o(i.I2C_WaitOnTXEFlagUntilTimeout)
    I2C_WaitOnTXEFlagUntilTimeout            0x0800366b   Thumb Code   102  stm32f1xx_hal_i2c.o(i.I2C_WaitOnTXEFlagUntilTimeout)
    i.MX_DMA_Init                            0x080036d0   Section        0  dma.o(i.MX_DMA_Init)
    i.MX_GPIO_Init                           0x08003734   Section        0  gpio.o(i.MX_GPIO_Init)
    i.MX_I2C1_Init                           0x080038c8   Section        0  i2c.o(i.MX_I2C1_Init)
    i.MX_TIM1_Init                           0x08003904   Section        0  tim.o(i.MX_TIM1_Init)
    i.MX_TIM2_Init                           0x080039f0   Section        0  tim.o(i.MX_TIM2_Init)
    i.MX_USART1_UART_Init                    0x08003a5c   Section        0  usart.o(i.MX_USART1_UART_Init)
    i.MX_USART2_UART_Init                    0x08003a94   Section        0  usart.o(i.MX_USART2_UART_Init)
    i.MX_USART3_UART_Init                    0x08003acc   Section        0  usart.o(i.MX_USART3_UART_Init)
    i.MemManage_Handler                      0x08003b04   Section        0  stm32f1xx_it.o(i.MemManage_Handler)
    i.NMI_Handler                            0x08003b08   Section        0  stm32f1xx_it.o(i.NMI_Handler)
    i.OLED_Clear                             0x08003b0c   Section        0  oled.o(i.OLED_Clear)
    i.OLED_Init                              0x08003b44   Section        0  oled.o(i.OLED_Init)
    i.OLED_Set_Pos                           0x08003b7c   Section        0  oled.o(i.OLED_Set_Pos)
    i.OLED_Show6float                        0x08003ba0   Section        0  oled.o(i.OLED_Show6float)
    i.OLED_ShowCHinese                       0x08003bf0   Section        0  oled.o(i.OLED_ShowCHinese)
    i.OLED_ShowChar                          0x08003c54   Section        0  oled.o(i.OLED_ShowChar)
    i.OLED_ShowNum                           0x08003cf0   Section        0  oled.o(i.OLED_ShowNum)
    i.OLED_ShowString                        0x08003d78   Section        0  oled.o(i.OLED_ShowString)
    i.OLED_ShowWte                           0x08003db4   Section        0  oled.o(i.OLED_ShowWte)
    i.OLED_Showblk                           0x08003e18   Section        0  oled.o(i.OLED_Showblk)
    i.OLED_ShownNum                          0x08003e7c   Section        0  oled.o(i.OLED_ShownNum)
    i.OLED_Showwifi                          0x08003ec8   Section        0  oled.o(i.OLED_Showwifi)
    i.OLED_Showwind                          0x08003f2c   Section        0  oled.o(i.OLED_Showwind)
    i.OLED_WR_Cmd                            0x08003f90   Section        0  oled.o(i.OLED_WR_Cmd)
    i.OLED_WR_Data                           0x08003fb8   Section        0  oled.o(i.OLED_WR_Data)
    i.PendSV_Handler                         0x08003fe0   Section        0  stm32f1xx_it.o(i.PendSV_Handler)
    i.RCC_Delay                              0x08003fe4   Section        0  stm32f1xx_hal_rcc.o(i.RCC_Delay)
    RCC_Delay                                0x08003fe5   Thumb Code    36  stm32f1xx_hal_rcc.o(i.RCC_Delay)
    i.SVC_Handler                            0x0800400c   Section        0  stm32f1xx_it.o(i.SVC_Handler)
    i.SysTick_Handler                        0x0800400e   Section        0  stm32f1xx_it.o(i.SysTick_Handler)
    i.SystemClock_Config                     0x08004016   Section        0  main.o(i.SystemClock_Config)
    i.SystemInit                             0x0800407c   Section        0  system_stm32f1xx.o(i.SystemInit)
    i.TIM_Base_SetConfig                     0x08004080   Section        0  stm32f1xx_hal_tim.o(i.TIM_Base_SetConfig)
    i.TIM_CCxChannelCmd                      0x0800412c   Section        0  stm32f1xx_hal_tim.o(i.TIM_CCxChannelCmd)
    i.TIM_ETR_SetConfig                      0x0800414e   Section        0  stm32f1xx_hal_tim.o(i.TIM_ETR_SetConfig)
    i.TIM_ITRx_SetConfig                     0x08004164   Section        0  stm32f1xx_hal_tim.o(i.TIM_ITRx_SetConfig)
    TIM_ITRx_SetConfig                       0x08004165   Thumb Code    18  stm32f1xx_hal_tim.o(i.TIM_ITRx_SetConfig)
    i.TIM_OC1_SetConfig                      0x08004178   Section        0  stm32f1xx_hal_tim.o(i.TIM_OC1_SetConfig)
    TIM_OC1_SetConfig                        0x08004179   Thumb Code   104  stm32f1xx_hal_tim.o(i.TIM_OC1_SetConfig)
    i.TIM_OC2_SetConfig                      0x080041e8   Section        0  stm32f1xx_hal_tim.o(i.TIM_OC2_SetConfig)
    i.TIM_OC3_SetConfig                      0x08004264   Section        0  stm32f1xx_hal_tim.o(i.TIM_OC3_SetConfig)
    TIM_OC3_SetConfig                        0x08004265   Thumb Code   112  stm32f1xx_hal_tim.o(i.TIM_OC3_SetConfig)
    i.TIM_OC4_SetConfig                      0x080042dc   Section        0  stm32f1xx_hal_tim.o(i.TIM_OC4_SetConfig)
    TIM_OC4_SetConfig                        0x080042dd   Thumb Code    74  stm32f1xx_hal_tim.o(i.TIM_OC4_SetConfig)
    i.TIM_TI1_ConfigInputStage               0x08004330   Section        0  stm32f1xx_hal_tim.o(i.TIM_TI1_ConfigInputStage)
    TIM_TI1_ConfigInputStage                 0x08004331   Thumb Code    38  stm32f1xx_hal_tim.o(i.TIM_TI1_ConfigInputStage)
    i.TIM_TI2_ConfigInputStage               0x08004356   Section        0  stm32f1xx_hal_tim.o(i.TIM_TI2_ConfigInputStage)
    TIM_TI2_ConfigInputStage                 0x08004357   Thumb Code    40  stm32f1xx_hal_tim.o(i.TIM_TI2_ConfigInputStage)
    i.Test                                   0x08004380   Section        0  dht11.o(i.Test)
    Test                                     0x08004381   Thumb Code    32  dht11.o(i.Test)
    i.Test2                                  0x080043a4   Section        0  dht11.o(i.Test2)
    Test2                                    0x080043a5   Thumb Code    32  dht11.o(i.Test2)
    i.UART_DMAAbortOnError                   0x080043c8   Section        0  stm32f1xx_hal_uart.o(i.UART_DMAAbortOnError)
    UART_DMAAbortOnError                     0x080043c9   Thumb Code    20  stm32f1xx_hal_uart.o(i.UART_DMAAbortOnError)
    i.UART_DMAError                          0x080043dc   Section        0  stm32f1xx_hal_uart.o(i.UART_DMAError)
    UART_DMAError                            0x080043dd   Thumb Code    80  stm32f1xx_hal_uart.o(i.UART_DMAError)
    i.UART_DMAReceiveCplt                    0x0800442c   Section        0  stm32f1xx_hal_uart.o(i.UART_DMAReceiveCplt)
    UART_DMAReceiveCplt                      0x0800442d   Thumb Code   180  stm32f1xx_hal_uart.o(i.UART_DMAReceiveCplt)
    i.UART_DMARxHalfCplt                     0x080044e0   Section        0  stm32f1xx_hal_uart.o(i.UART_DMARxHalfCplt)
    UART_DMARxHalfCplt                       0x080044e1   Thumb Code    36  stm32f1xx_hal_uart.o(i.UART_DMARxHalfCplt)
    i.UART_EndRxTransfer                     0x08004504   Section        0  stm32f1xx_hal_uart.o(i.UART_EndRxTransfer)
    UART_EndRxTransfer                       0x08004505   Thumb Code   108  stm32f1xx_hal_uart.o(i.UART_EndRxTransfer)
    i.UART_EndTransmit_IT                    0x08004570   Section        0  stm32f1xx_hal_uart.o(i.UART_EndTransmit_IT)
    UART_EndTransmit_IT                      0x08004571   Thumb Code    32  stm32f1xx_hal_uart.o(i.UART_EndTransmit_IT)
    i.UART_EndTxTransfer                     0x08004590   Section        0  stm32f1xx_hal_uart.o(i.UART_EndTxTransfer)
    UART_EndTxTransfer                       0x08004591   Thumb Code    38  stm32f1xx_hal_uart.o(i.UART_EndTxTransfer)
    i.UART_Receive_IT                        0x080045b6   Section        0  stm32f1xx_hal_uart.o(i.UART_Receive_IT)
    UART_Receive_IT                          0x080045b7   Thumb Code   252  stm32f1xx_hal_uart.o(i.UART_Receive_IT)
    i.UART_SetConfig                         0x080046b4   Section        0  stm32f1xx_hal_uart.o(i.UART_SetConfig)
    UART_SetConfig                           0x080046b5   Thumb Code   248  stm32f1xx_hal_uart.o(i.UART_SetConfig)
    i.UART_Start_Receive_DMA                 0x080047b0   Section        0  stm32f1xx_hal_uart.o(i.UART_Start_Receive_DMA)
    i.UART_Transmit_IT                       0x08004878   Section        0  stm32f1xx_hal_uart.o(i.UART_Transmit_IT)
    UART_Transmit_IT                         0x08004879   Thumb Code    96  stm32f1xx_hal_uart.o(i.UART_Transmit_IT)
    i.UART_WaitOnFlagUntilTimeout            0x080048d8   Section        0  stm32f1xx_hal_uart.o(i.UART_WaitOnFlagUntilTimeout)
    UART_WaitOnFlagUntilTimeout              0x080048d9   Thumb Code   140  stm32f1xx_hal_uart.o(i.UART_WaitOnFlagUntilTimeout)
    i.USART1_IRQHandler                      0x08004964   Section        0  stm32f1xx_it.o(i.USART1_IRQHandler)
    i.USART2_IRQHandler                      0x080049d4   Section        0  stm32f1xx_it.o(i.USART2_IRQHandler)
    i.UsageFault_Handler                     0x08004a44   Section        0  stm32f1xx_it.o(i.UsageFault_Handler)
    i.WhetherReport                          0x08004a48   Section        0  youseeme.o(i.WhetherReport)
    i.Winddirection                          0x08005caa   Section        0  youseeme.o(i.Winddirection)
    i.__0printf                              0x08005e30   Section        0  printfa.o(i.__0printf)
    i.__0sprintf                             0x08005e50   Section        0  printfa.o(i.__0sprintf)
    i.__ARM_fpclassify                       0x08005e78   Section        0  fpclassify.o(i.__ARM_fpclassify)
    i.__NVIC_GetPriorityGrouping             0x08005ea0   Section        0  stm32f1xx_hal_cortex.o(i.__NVIC_GetPriorityGrouping)
    __NVIC_GetPriorityGrouping               0x08005ea1   Thumb Code    10  stm32f1xx_hal_cortex.o(i.__NVIC_GetPriorityGrouping)
    i.__NVIC_SetPriority                     0x08005eb0   Section        0  stm32f1xx_hal_cortex.o(i.__NVIC_SetPriority)
    __NVIC_SetPriority                       0x08005eb1   Thumb Code    32  stm32f1xx_hal_cortex.o(i.__NVIC_SetPriority)
    i.__aeabi_errno_addr                     0x08005ed8   Section        0  errno.o(i.__aeabi_errno_addr)
    i.__kernel_poly                          0x08005ee0   Section        0  poly.o(i.__kernel_poly)
    i.__mathlib_dbl_divzero                  0x08005f8c   Section        0  dunder.o(i.__mathlib_dbl_divzero)
    i.__mathlib_dbl_infnan2                  0x08005f9c   Section        0  dunder.o(i.__mathlib_dbl_infnan2)
    i.__mathlib_dbl_invalid                  0x08005fa0   Section        0  dunder.o(i.__mathlib_dbl_invalid)
    i.__mathlib_dbl_overflow                 0x08005fac   Section        0  dunder.o(i.__mathlib_dbl_overflow)
    i.__mathlib_dbl_underflow                0x08005fbc   Section        0  dunder.o(i.__mathlib_dbl_underflow)
    i.__scatterload_copy                     0x08005fcc   Section       14  handlers.o(i.__scatterload_copy)
    i.__scatterload_null                     0x08005fda   Section        2  handlers.o(i.__scatterload_null)
    i.__scatterload_zeroinit                 0x08005fdc   Section       14  handlers.o(i.__scatterload_zeroinit)
    i.__set_errno                            0x08005fec   Section        0  errno.o(i.__set_errno)
    i._fp_digits                             0x08005ff8   Section        0  printfa.o(i._fp_digits)
    _fp_digits                               0x08005ff9   Thumb Code   366  printfa.o(i._fp_digits)
    i._printf_core                           0x0800617c   Section        0  printfa.o(i._printf_core)
    _printf_core                             0x0800617d   Thumb Code  1744  printfa.o(i._printf_core)
    i._printf_post_padding                   0x08006858   Section        0  printfa.o(i._printf_post_padding)
    _printf_post_padding                     0x08006859   Thumb Code    36  printfa.o(i._printf_post_padding)
    i._printf_pre_padding                    0x0800687c   Section        0  printfa.o(i._printf_pre_padding)
    _printf_pre_padding                      0x0800687d   Thumb Code    46  printfa.o(i._printf_pre_padding)
    i._sputc                                 0x080068aa   Section        0  printfa.o(i._sputc)
    _sputc                                   0x080068ab   Thumb Code    10  printfa.o(i._sputc)
    i.conversion                             0x080068b4   Section        0  main.o(i.conversion)
    i.fputc                                  0x08006b2c   Section        0  youseeme.o(i.fputc)
    i.initialize                             0x08006b48   Section        0  youseeme.o(i.initialize)
    i.main                                   0x08006cd8   Section        0  main.o(i.main)
    i.oled_pow                               0x080073c0   Section        0  oled.o(i.oled_pow)
    i.pow                                    0x080073d8   Section        0  pow.o(i.pow)
    i.safety_light                           0x08007db0   Section        0  youseeme.o(i.safety_light)
    i.setDigit                               0x08007e84   Section        0  youseeme.o(i.setDigit)
    i.shandiaokongge                         0x08007ed0   Section        0  youseeme.o(i.shandiaokongge)
    i.showblinker                            0x08007f00   Section        0  youseeme.o(i.showblinker)
    i.showwifiwr                             0x08007fae   Section        0  youseeme.o(i.showwifiwr)
    i.sqrt                                   0x08008138   Section        0  sqrt.o(i.sqrt)
    i.workshow                               0x08008184   Section        0  main.o(i.workshow)
    .constdata                               0x08008594   Section     2072  oled.o(.constdata)
    .constdata                               0x08008dac   Section       18  stm32f1xx_hal_rcc.o(.constdata)
    aPLLMULFactorTable                       0x08008dac   Data          16  stm32f1xx_hal_rcc.o(.constdata)
    aPredivFactorTable                       0x08008dbc   Data           2  stm32f1xx_hal_rcc.o(.constdata)
    .constdata                               0x08008dbe   Section       24  system_stm32f1xx.o(.constdata)
    .constdata                               0x08008dd8   Section      136  pow.o(.constdata)
    bp                                       0x08008dd8   Data          16  pow.o(.constdata)
    dp_h                                     0x08008de8   Data          16  pow.o(.constdata)
    dp_l                                     0x08008df8   Data          16  pow.o(.constdata)
    L                                        0x08008e08   Data          48  pow.o(.constdata)
    P                                        0x08008e38   Data          40  pow.o(.constdata)
    .constdata                               0x08008e60   Section        8  qnan.o(.constdata)
    .constdata                               0x08008e68   Section      129  ctype_o.o(.constdata)
    .constdata                               0x08008eec   Section        4  ctype_o.o(.constdata)
    table                                    0x08008eec   Data           4  ctype_o.o(.constdata)
    .data                                    0x20000000   Section    15387  oled.o(.data)
    .data                                    0x20003c1b   Section       16  dht11.o(.data)
    .data                                    0x20003c30   Section      166  main.o(.data)
    .data                                    0x20003cd8   Section        9  stm32f1xx_hal.o(.data)
    .data                                    0x20003ce4   Section        4  system_stm32f1xx.o(.data)
    .data                                    0x20003ce8   Section        4  stdout.o(.data)
    .data                                    0x20003cec   Section        4  errno.o(.data)
    _errno                                   0x20003cec   Data           4  errno.o(.data)
    .bss                                     0x20003cf0   Section      752  main.o(.bss)
    .bss                                     0x20003fe0   Section       84  i2c.o(.bss)
    .bss                                     0x20004034   Section      144  tim.o(.bss)
    .bss                                     0x200040c4   Section      488  usart.o(.bss)
    STACK                                    0x200042b0   Section     1024  startup_stm32f103xe.o(STACK)

    Global Symbols

    Symbol Name                              Value     Ov Type        Size  Object(Section)

    BuildAttributes$$THM_ISAv4$P$D$K$B$S$PE$A:L22UL41UL21$X:L11$S22US41US21$IEEE1$IW$USESV6$~STKCKD$USESV7$~SHL$OTIME$ROPI$IEEEX$EBA8$MICROLIB$REQ8$PRES8$EABIv2 0x00000000   Number         0  anon$$obj.o ABSOLUTE
    __ARM_use_no_argv                        0x00000000   Number         0  main.o ABSOLUTE
    _printf_a                                0x00000000   Number         0  stubs.o ABSOLUTE
    _printf_c                                0x00000000   Number         0  stubs.o ABSOLUTE
    _printf_charcount                        0x00000000   Number         0  stubs.o ABSOLUTE
    _printf_d                                0x00000000   Number         0  stubs.o ABSOLUTE
    _printf_e                                0x00000000   Number         0  stubs.o ABSOLUTE
    _printf_f                                0x00000000   Number         0  stubs.o ABSOLUTE
    _printf_flags                            0x00000000   Number         0  stubs.o ABSOLUTE
    _printf_fp_dec                           0x00000000   Number         0  stubs.o ABSOLUTE
    _printf_fp_hex                           0x00000000   Number         0  stubs.o ABSOLUTE
    _printf_g                                0x00000000   Number         0  stubs.o ABSOLUTE
    _printf_i                                0x00000000   Number         0  stubs.o ABSOLUTE
    _printf_int_dec                          0x00000000   Number         0  stubs.o ABSOLUTE
    _printf_l                                0x00000000   Number         0  stubs.o ABSOLUTE
    _printf_lc                               0x00000000   Number         0  stubs.o ABSOLUTE
    _printf_ll                               0x00000000   Number         0  stubs.o ABSOLUTE
    _printf_lld                              0x00000000   Number         0  stubs.o ABSOLUTE
    _printf_lli                              0x00000000   Number         0  stubs.o ABSOLUTE
    _printf_llo                              0x00000000   Number         0  stubs.o ABSOLUTE
    _printf_llu                              0x00000000   Number         0  stubs.o ABSOLUTE
    _printf_llx                              0x00000000   Number         0  stubs.o ABSOLUTE
    _printf_longlong_dec                     0x00000000   Number         0  stubs.o ABSOLUTE
    _printf_longlong_hex                     0x00000000   Number         0  stubs.o ABSOLUTE
    _printf_longlong_oct                     0x00000000   Number         0  stubs.o ABSOLUTE
    _printf_ls                               0x00000000   Number         0  stubs.o ABSOLUTE
    _printf_mbtowc                           0x00000000   Number         0  stubs.o ABSOLUTE
    _printf_n                                0x00000000   Number         0  stubs.o ABSOLUTE
    _printf_o                                0x00000000   Number         0  stubs.o ABSOLUTE
    _printf_p                                0x00000000   Number         0  stubs.o ABSOLUTE
    _printf_percent                          0x00000000   Number         0  stubs.o ABSOLUTE
    _printf_pre_padding                      0x00000000   Number         0  stubs.o ABSOLUTE
    _printf_return_value                     0x00000000   Number         0  stubs.o ABSOLUTE
    _printf_s                                0x00000000   Number         0  stubs.o ABSOLUTE
    _printf_sizespec                         0x00000000   Number         0  stubs.o ABSOLUTE
    _printf_str                              0x00000000   Number         0  stubs.o ABSOLUTE
    _printf_truncate_signed                  0x00000000   Number         0  stubs.o ABSOLUTE
    _printf_truncate_unsigned                0x00000000   Number         0  stubs.o ABSOLUTE
    _printf_u                                0x00000000   Number         0  stubs.o ABSOLUTE
    _printf_wc                               0x00000000   Number         0  stubs.o ABSOLUTE
    _printf_wctomb                           0x00000000   Number         0  stubs.o ABSOLUTE
    _printf_widthprec                        0x00000000   Number         0  stubs.o ABSOLUTE
    _printf_x                                0x00000000   Number         0  stubs.o ABSOLUTE
    __cpp_initialize__aeabi_                  - Undefined Weak Reference
    __cxa_finalize                            - Undefined Weak Reference
    _clock_init                               - Undefined Weak Reference
    _microlib_exit                            - Undefined Weak Reference
    __Vectors_Size                           0x00000130   Number         0  startup_stm32f103xe.o ABSOLUTE
    __Vectors                                0x08000000   Data           4  startup_stm32f103xe.o(RESET)
    __Vectors_End                            0x08000130   Data           0  startup_stm32f103xe.o(RESET)
    __main                                   0x08000131   Thumb Code     0  entry.o(.ARM.Collect$$$$00000000)
    _main_stk                                0x08000131   Thumb Code     0  entry2.o(.ARM.Collect$$$$00000001)
    _main_scatterload                        0x08000135   Thumb Code     0  entry5.o(.ARM.Collect$$$$00000004)
    __main_after_scatterload                 0x08000139   Thumb Code     0  entry5.o(.ARM.Collect$$$$00000004)
    _main_clock                              0x08000139   Thumb Code     0  entry7b.o(.ARM.Collect$$$$00000008)
    _main_cpp_init                           0x08000139   Thumb Code     0  entry8b.o(.ARM.Collect$$$$0000000A)
    _main_init                               0x08000139   Thumb Code     0  entry9a.o(.ARM.Collect$$$$0000000B)
    __rt_final_cpp                           0x08000141   Thumb Code     0  entry10a.o(.ARM.Collect$$$$0000000D)
    __rt_final_exit                          0x08000141   Thumb Code     0  entry11a.o(.ARM.Collect$$$$0000000F)
    Reset_Handler                            0x08000145   Thumb Code     8  startup_stm32f103xe.o(.text)
    ADC1_2_IRQHandler                        0x0800015f   Thumb Code     0  startup_stm32f103xe.o(.text)
    ADC3_IRQHandler                          0x0800015f   Thumb Code     0  startup_stm32f103xe.o(.text)
    CAN1_RX1_IRQHandler                      0x0800015f   Thumb Code     0  startup_stm32f103xe.o(.text)
    CAN1_SCE_IRQHandler                      0x0800015f   Thumb Code     0  startup_stm32f103xe.o(.text)
    DMA1_Channel1_IRQHandler                 0x0800015f   Thumb Code     0  startup_stm32f103xe.o(.text)
    DMA1_Channel2_IRQHandler                 0x0800015f   Thumb Code     0  startup_stm32f103xe.o(.text)
    DMA1_Channel3_IRQHandler                 0x0800015f   Thumb Code     0  startup_stm32f103xe.o(.text)
    DMA2_Channel1_IRQHandler                 0x0800015f   Thumb Code     0  startup_stm32f103xe.o(.text)
    DMA2_Channel2_IRQHandler                 0x0800015f   Thumb Code     0  startup_stm32f103xe.o(.text)
    DMA2_Channel3_IRQHandler                 0x0800015f   Thumb Code     0  startup_stm32f103xe.o(.text)
    DMA2_Channel4_5_IRQHandler               0x0800015f   Thumb Code     0  startup_stm32f103xe.o(.text)
    EXTI0_IRQHandler                         0x0800015f   Thumb Code     0  startup_stm32f103xe.o(.text)
    EXTI15_10_IRQHandler                     0x0800015f   Thumb Code     0  startup_stm32f103xe.o(.text)
    EXTI1_IRQHandler                         0x0800015f   Thumb Code     0  startup_stm32f103xe.o(.text)
    EXTI2_IRQHandler                         0x0800015f   Thumb Code     0  startup_stm32f103xe.o(.text)
    EXTI3_IRQHandler                         0x0800015f   Thumb Code     0  startup_stm32f103xe.o(.text)
    EXTI4_IRQHandler                         0x0800015f   Thumb Code     0  startup_stm32f103xe.o(.text)
    EXTI9_5_IRQHandler                       0x0800015f   Thumb Code     0  startup_stm32f103xe.o(.text)
    FLASH_IRQHandler                         0x0800015f   Thumb Code     0  startup_stm32f103xe.o(.text)
    FSMC_IRQHandler                          0x0800015f   Thumb Code     0  startup_stm32f103xe.o(.text)
    I2C1_ER_IRQHandler                       0x0800015f   Thumb Code     0  startup_stm32f103xe.o(.text)
    I2C1_EV_IRQHandler                       0x0800015f   Thumb Code     0  startup_stm32f103xe.o(.text)
    I2C2_ER_IRQHandler                       0x0800015f   Thumb Code     0  startup_stm32f103xe.o(.text)
    I2C2_EV_IRQHandler                       0x0800015f   Thumb Code     0  startup_stm32f103xe.o(.text)
    PVD_IRQHandler                           0x0800015f   Thumb Code     0  startup_stm32f103xe.o(.text)
    RCC_IRQHandler                           0x0800015f   Thumb Code     0  startup_stm32f103xe.o(.text)
    RTC_Alarm_IRQHandler                     0x0800015f   Thumb Code     0  startup_stm32f103xe.o(.text)
    RTC_IRQHandler                           0x0800015f   Thumb Code     0  startup_stm32f103xe.o(.text)
    SDIO_IRQHandler                          0x0800015f   Thumb Code     0  startup_stm32f103xe.o(.text)
    SPI1_IRQHandler                          0x0800015f   Thumb Code     0  startup_stm32f103xe.o(.text)
    SPI2_IRQHandler                          0x0800015f   Thumb Code     0  startup_stm32f103xe.o(.text)
    SPI3_IRQHandler                          0x0800015f   Thumb Code     0  startup_stm32f103xe.o(.text)
    TAMPER_IRQHandler                        0x0800015f   Thumb Code     0  startup_stm32f103xe.o(.text)
    TIM1_BRK_IRQHandler                      0x0800015f   Thumb Code     0  startup_stm32f103xe.o(.text)
    TIM1_CC_IRQHandler                       0x0800015f   Thumb Code     0  startup_stm32f103xe.o(.text)
    TIM1_TRG_COM_IRQHandler                  0x0800015f   Thumb Code     0  startup_stm32f103xe.o(.text)
    TIM1_UP_IRQHandler                       0x0800015f   Thumb Code     0  startup_stm32f103xe.o(.text)
    TIM2_IRQHandler                          0x0800015f   Thumb Code     0  startup_stm32f103xe.o(.text)
    TIM3_IRQHandler                          0x0800015f   Thumb Code     0  startup_stm32f103xe.o(.text)
    TIM4_IRQHandler                          0x0800015f   Thumb Code     0  startup_stm32f103xe.o(.text)
    TIM5_IRQHandler                          0x0800015f   Thumb Code     0  startup_stm32f103xe.o(.text)
    TIM6_IRQHandler                          0x0800015f   Thumb Code     0  startup_stm32f103xe.o(.text)
    TIM7_IRQHandler                          0x0800015f   Thumb Code     0  startup_stm32f103xe.o(.text)
    TIM8_BRK_IRQHandler                      0x0800015f   Thumb Code     0  startup_stm32f103xe.o(.text)
    TIM8_CC_IRQHandler                       0x0800015f   Thumb Code     0  startup_stm32f103xe.o(.text)
    TIM8_TRG_COM_IRQHandler                  0x0800015f   Thumb Code     0  startup_stm32f103xe.o(.text)
    TIM8_UP_IRQHandler                       0x0800015f   Thumb Code     0  startup_stm32f103xe.o(.text)
    UART4_IRQHandler                         0x0800015f   Thumb Code     0  startup_stm32f103xe.o(.text)
    UART5_IRQHandler                         0x0800015f   Thumb Code     0  startup_stm32f103xe.o(.text)
    USART3_IRQHandler                        0x0800015f   Thumb Code     0  startup_stm32f103xe.o(.text)
    USBWakeUp_IRQHandler                     0x0800015f   Thumb Code     0  startup_stm32f103xe.o(.text)
    USB_HP_CAN1_TX_IRQHandler                0x0800015f   Thumb Code     0  startup_stm32f103xe.o(.text)
    USB_LP_CAN1_RX0_IRQHandler               0x0800015f   Thumb Code     0  startup_stm32f103xe.o(.text)
    WWDG_IRQHandler                          0x0800015f   Thumb Code     0  startup_stm32f103xe.o(.text)
    __aeabi_llsr                             0x08000169   Thumb Code    32  llushr.o(.text)
    _ll_ushift_r                             0x08000169   Thumb Code     0  llushr.o(.text)
    __aeabi_memset                           0x08000189   Thumb Code    14  memseta.o(.text)
    __aeabi_memset4                          0x08000189   Thumb Code     0  memseta.o(.text)
    __aeabi_memset8                          0x08000189   Thumb Code     0  memseta.o(.text)
    __aeabi_memclr                           0x08000197   Thumb Code     4  memseta.o(.text)
    __aeabi_memclr4                          0x08000197   Thumb Code     0  memseta.o(.text)
    __aeabi_memclr8                          0x08000197   Thumb Code     0  memseta.o(.text)
    _memset$wrapper                          0x0800019b   Thumb Code    18  memseta.o(.text)
    strcat                                   0x080001ad   Thumb Code    24  strcat.o(.text)
    strncpy                                  0x080001c5   Thumb Code    24  strncpy.o(.text)
    strtoul                                  0x080001dd   Thumb Code   114  strtoul.o(.text)
    __aeabi_dmul                             0x0800024f   Thumb Code   228  dmul.o(.text)
    __aeabi_ddiv                             0x08000333   Thumb Code   222  ddiv.o(.text)
    __aeabi_i2d                              0x08000411   Thumb Code    34  dflti.o(.text)
    __aeabi_d2iz                             0x08000433   Thumb Code    62  dfixi.o(.text)
    __aeabi_f2d                              0x08000471   Thumb Code    38  f2d.o(.text)
    __aeabi_d2f                              0x08000497   Thumb Code    56  d2f.o(.text)
    __aeabi_cfrcmple                         0x080004d1   Thumb Code    20  cfrcmple.o(.text)
    __aeabi_uidiv                            0x080004e5   Thumb Code     0  uidiv.o(.text)
    __aeabi_uidivmod                         0x080004e5   Thumb Code    44  uidiv.o(.text)
    __aeabi_uldivmod                         0x08000511   Thumb Code    98  uldiv.o(.text)
    __rt_ctype_table                         0x08000575   Thumb Code     4  ctype_o.o(.text)
    _strtoul                                 0x0800057d   Thumb Code   158  _strtoul.o(.text)
    __I$use$fp                               0x0800061b   Thumb Code     0  iusefp.o(.text)
    _float_round                             0x0800061b   Thumb Code    18  fepilogue.o(.text)
    _float_epilogue                          0x0800062d   Thumb Code    92  fepilogue.o(.text)
    _double_round                            0x08000689   Thumb Code    30  depilogue.o(.text)
    _double_epilogue                         0x080006a7   Thumb Code   156  depilogue.o(.text)
    __aeabi_dadd                             0x08000743   Thumb Code   322  dadd.o(.text)
    __aeabi_dsub                             0x08000885   Thumb Code     6  dadd.o(.text)
    __aeabi_drsub                            0x0800088b   Thumb Code     6  dadd.o(.text)
    __ARM_scalbn                             0x08000891   Thumb Code    46  dscalb.o(.text)
    scalbn                                   0x08000891   Thumb Code     0  dscalb.o(.text)
    __aeabi_d2ulz                            0x080008bf   Thumb Code    48  dfixul.o(.text)
    __aeabi_cdrcmple                         0x080008f1   Thumb Code    48  cdrcmple.o(.text)
    __scatterload                            0x08000921   Thumb Code    28  init.o(.text)
    __scatterload_rt2                        0x08000921   Thumb Code     0  init.o(.text)
    __aeabi_llsl                             0x08000945   Thumb Code    30  llshl.o(.text)
    _ll_shift_l                              0x08000945   Thumb Code     0  llshl.o(.text)
    __aeabi_lasr                             0x08000963   Thumb Code    36  llsshr.o(.text)
    _ll_sshift_r                             0x08000963   Thumb Code     0  llsshr.o(.text)
    _chval                                   0x08000987   Thumb Code    28  _chval.o(.text)
    _dsqrt                                   0x080009a3   Thumb Code   162  dsqrt.o(.text)
    __decompress                             0x08000a45   Thumb Code     0  __dclz77c.o(.text)
    __decompress2                            0x08000a45   Thumb Code    94  __dclz77c.o(.text)
    BusFault_Handler                         0x08000aa3   Thumb Code     4  stm32f1xx_it.o(i.BusFault_Handler)
    DH11_Read                                0x08000ba9   Thumb Code   190  dht11.o(i.DH11_Read)
    DH11_Read2                               0x08000c71   Thumb Code   190  dht11.o(i.DH11_Read2)
    DH11_Task                                0x08000e31   Thumb Code     8  dht11.o(i.DH11_Task)
    DH11_Task2                               0x08000e39   Thumb Code     8  dht11.o(i.DH11_Task2)
    DMA1_Channel4_IRQHandler                 0x08000e41   Thumb Code    10  stm32f1xx_it.o(i.DMA1_Channel4_IRQHandler)
    DMA1_Channel5_IRQHandler                 0x08000e51   Thumb Code    10  stm32f1xx_it.o(i.DMA1_Channel5_IRQHandler)
    DMA1_Channel6_IRQHandler                 0x08000e61   Thumb Code    10  stm32f1xx_it.o(i.DMA1_Channel6_IRQHandler)
    DMA1_Channel7_IRQHandler                 0x08000e71   Thumb Code    10  stm32f1xx_it.o(i.DMA1_Channel7_IRQHandler)
    DebugMon_Handler                         0x08000ead   Thumb Code     2  stm32f1xx_it.o(i.DebugMon_Handler)
    Delay_us                                 0x08000eb1   Thumb Code    52  dht11.o(i.Delay_us)
    Error_Handler                            0x08000ee9   Thumb Code     6  main.o(i.Error_Handler)
    HAL_DMA_Abort                            0x08000eef   Thumb Code    86  stm32f1xx_hal_dma.o(i.HAL_DMA_Abort)
    HAL_DMA_Abort_IT                         0x08000f45   Thumb Code   414  stm32f1xx_hal_dma.o(i.HAL_DMA_Abort_IT)
    HAL_DMA_IRQHandler                       0x080010ed   Thumb Code   910  stm32f1xx_hal_dma.o(i.HAL_DMA_IRQHandler)
    HAL_DMA_Init                             0x08001485   Thumb Code   132  stm32f1xx_hal_dma.o(i.HAL_DMA_Init)
    HAL_DMA_Start_IT                         0x08001511   Thumb Code   156  stm32f1xx_hal_dma.o(i.HAL_DMA_Start_IT)
    HAL_Delay                                0x080015ad   Thumb Code    36  stm32f1xx_hal.o(i.HAL_Delay)
    HAL_GPIO_Init                            0x080015d5   Thumb Code   792  stm32f1xx_hal_gpio.o(i.HAL_GPIO_Init)
    HAL_GPIO_ReadPin                         0x08001915   Thumb Code    16  stm32f1xx_hal_gpio.o(i.HAL_GPIO_ReadPin)
    HAL_GPIO_TogglePin                       0x08001925   Thumb Code    20  stm32f1xx_hal_gpio.o(i.HAL_GPIO_TogglePin)
    HAL_GPIO_WritePin                        0x08001939   Thumb Code    12  stm32f1xx_hal_gpio.o(i.HAL_GPIO_WritePin)
    HAL_GetTick                              0x08001945   Thumb Code     6  stm32f1xx_hal.o(i.HAL_GetTick)
    HAL_I2C_Init                             0x08001951   Thumb Code   446  stm32f1xx_hal_i2c.o(i.HAL_I2C_Init)
    HAL_I2C_Mem_Write                        0x08001b21   Thumb Code   348  stm32f1xx_hal_i2c.o(i.HAL_I2C_Mem_Write)
    HAL_I2C_MspInit                          0x08001c85   Thumb Code   104  i2c.o(i.HAL_I2C_MspInit)
    HAL_IncTick                              0x08001cf9   Thumb Code    16  stm32f1xx_hal.o(i.HAL_IncTick)
    HAL_Init                                 0x08001d11   Thumb Code    34  stm32f1xx_hal.o(i.HAL_Init)
    HAL_InitTick                             0x08001d39   Thumb Code    64  stm32f1xx_hal.o(i.HAL_InitTick)
    HAL_MspInit                              0x08001d85   Thumb Code    76  stm32f1xx_hal_msp.o(i.HAL_MspInit)
    HAL_NVIC_EnableIRQ                       0x08001dd9   Thumb Code    32  stm32f1xx_hal_cortex.o(i.HAL_NVIC_EnableIRQ)
    HAL_NVIC_SetPriority                     0x08001df9   Thumb Code   124  stm32f1xx_hal_cortex.o(i.HAL_NVIC_SetPriority)
    HAL_NVIC_SetPriorityGrouping             0x08001e75   Thumb Code    32  stm32f1xx_hal_cortex.o(i.HAL_NVIC_SetPriorityGrouping)
    HAL_RCC_ClockConfig                      0x08001e9d   Thumb Code   376  stm32f1xx_hal_rcc.o(i.HAL_RCC_ClockConfig)
    HAL_RCC_GetHCLKFreq                      0x08002029   Thumb Code     6  stm32f1xx_hal_rcc.o(i.HAL_RCC_GetHCLKFreq)
    HAL_RCC_GetPCLK1Freq                     0x08002035   Thumb Code    22  stm32f1xx_hal_rcc.o(i.HAL_RCC_GetPCLK1Freq)
    HAL_RCC_GetPCLK2Freq                     0x08002055   Thumb Code    22  stm32f1xx_hal_rcc.o(i.HAL_RCC_GetPCLK2Freq)
    HAL_RCC_GetSysClockFreq                  0x08002075   Thumb Code    92  stm32f1xx_hal_rcc.o(i.HAL_RCC_GetSysClockFreq)
    HAL_RCC_OscConfig                        0x080020e5   Thumb Code  1114  stm32f1xx_hal_rcc.o(i.HAL_RCC_OscConfig)
    HAL_SYSTICK_Config                       0x08002549   Thumb Code    52  stm32f1xx_hal_cortex.o(i.HAL_SYSTICK_Config)
    HAL_TIMEx_ConfigBreakDeadTime            0x0800257d   Thumb Code   116  stm32f1xx_hal_tim_ex.o(i.HAL_TIMEx_ConfigBreakDeadTime)
    HAL_TIMEx_MasterConfigSynchronization    0x080025f1   Thumb Code   134  stm32f1xx_hal_tim_ex.o(i.HAL_TIMEx_MasterConfigSynchronization)
    HAL_TIM_Base_Init                        0x0800268d   Thumb Code   102  stm32f1xx_hal_tim.o(i.HAL_TIM_Base_Init)
    HAL_TIM_Base_MspInit                     0x080026f5   Thumb Code    76  tim.o(i.HAL_TIM_Base_MspInit)
    HAL_TIM_Base_Start                       0x08002749   Thumb Code   110  stm32f1xx_hal_tim.o(i.HAL_TIM_Base_Start)
    HAL_TIM_Base_Stop                        0x080027cd   Thumb Code    50  stm32f1xx_hal_tim.o(i.HAL_TIM_Base_Stop)
    HAL_TIM_ConfigClockSource                0x080027ff   Thumb Code   268  stm32f1xx_hal_tim.o(i.HAL_TIM_ConfigClockSource)
    HAL_TIM_MspPostInit                      0x0800290d   Thumb Code    98  tim.o(i.HAL_TIM_MspPostInit)
    HAL_TIM_PWM_ConfigChannel                0x08002981   Thumb Code   260  stm32f1xx_hal_tim.o(i.HAL_TIM_PWM_ConfigChannel)
    HAL_TIM_PWM_Init                         0x08002a85   Thumb Code   102  stm32f1xx_hal_tim.o(i.HAL_TIM_PWM_Init)
    HAL_TIM_PWM_MspInit                      0x08002aeb   Thumb Code     2  stm32f1xx_hal_tim.o(i.HAL_TIM_PWM_MspInit)
    HAL_TIM_PWM_Start                        0x08002aed   Thumb Code   222  stm32f1xx_hal_tim.o(i.HAL_TIM_PWM_Start)
    HAL_UARTEx_RxEventCallback               0x08002be1   Thumb Code     2  stm32f1xx_hal_uart.o(i.HAL_UARTEx_RxEventCallback)
    HAL_UART_DMAStop                         0x08002be3   Thumb Code   138  stm32f1xx_hal_uart.o(i.HAL_UART_DMAStop)
    HAL_UART_ErrorCallback                   0x08002c6d   Thumb Code     2  stm32f1xx_hal_uart.o(i.HAL_UART_ErrorCallback)
    HAL_UART_IRQHandler                      0x08002c71   Thumb Code   736  stm32f1xx_hal_uart.o(i.HAL_UART_IRQHandler)
    HAL_UART_Init                            0x08002f55   Thumb Code   118  stm32f1xx_hal_uart.o(i.HAL_UART_Init)
    HAL_UART_MspInit                         0x08002fcd   Thumb Code   574  usart.o(i.HAL_UART_MspInit)
    HAL_UART_Receive_DMA                     0x08003239   Thumb Code    44  stm32f1xx_hal_uart.o(i.HAL_UART_Receive_DMA)
    HAL_UART_RxCpltCallback                  0x08003265   Thumb Code     2  stm32f1xx_hal_uart.o(i.HAL_UART_RxCpltCallback)
    HAL_UART_RxHalfCpltCallback              0x08003267   Thumb Code     2  stm32f1xx_hal_uart.o(i.HAL_UART_RxHalfCpltCallback)
    HAL_UART_Transmit                        0x08003269   Thumb Code   190  stm32f1xx_hal_uart.o(i.HAL_UART_Transmit)
    HAL_UART_TxCpltCallback                  0x08003327   Thumb Code     2  stm32f1xx_hal_uart.o(i.HAL_UART_TxCpltCallback)
    HardFault_Handler                        0x08003329   Thumb Code     4  stm32f1xx_it.o(i.HardFault_Handler)
    MX_DMA_Init                              0x080036d1   Thumb Code    96  dma.o(i.MX_DMA_Init)
    MX_GPIO_Init                             0x08003735   Thumb Code   382  gpio.o(i.MX_GPIO_Init)
    MX_I2C1_Init                             0x080038c9   Thumb Code    48  i2c.o(i.MX_I2C1_Init)
    MX_TIM1_Init                             0x08003905   Thumb Code   228  tim.o(i.MX_TIM1_Init)
    MX_TIM2_Init                             0x080039f1   Thumb Code   102  tim.o(i.MX_TIM2_Init)
    MX_USART1_UART_Init                      0x08003a5d   Thumb Code    46  usart.o(i.MX_USART1_UART_Init)
    MX_USART2_UART_Init                      0x08003a95   Thumb Code    46  usart.o(i.MX_USART2_UART_Init)
    MX_USART3_UART_Init                      0x08003acd   Thumb Code    46  usart.o(i.MX_USART3_UART_Init)
    MemManage_Handler                        0x08003b05   Thumb Code     4  stm32f1xx_it.o(i.MemManage_Handler)
    NMI_Handler                              0x08003b09   Thumb Code     4  stm32f1xx_it.o(i.NMI_Handler)
    OLED_Clear                               0x08003b0d   Thumb Code    56  oled.o(i.OLED_Clear)
    OLED_Init                                0x08003b45   Thumb Code    46  oled.o(i.OLED_Init)
    OLED_Set_Pos                             0x08003b7d   Thumb Code    36  oled.o(i.OLED_Set_Pos)
    OLED_Show6float                          0x08003ba1   Thumb Code    72  oled.o(i.OLED_Show6float)
    OLED_ShowCHinese                         0x08003bf1   Thumb Code    94  oled.o(i.OLED_ShowCHinese)
    OLED_ShowChar                            0x08003c55   Thumb Code   148  oled.o(i.OLED_ShowChar)
    OLED_ShowNum                             0x08003cf1   Thumb Code   136  oled.o(i.OLED_ShowNum)
    OLED_ShowString                          0x08003d79   Thumb Code    58  oled.o(i.OLED_ShowString)
    OLED_ShowWte                             0x08003db5   Thumb Code    94  oled.o(i.OLED_ShowWte)
    OLED_Showblk                             0x08003e19   Thumb Code    94  oled.o(i.OLED_Showblk)
    OLED_ShownNum                            0x08003e7d   Thumb Code    74  oled.o(i.OLED_ShownNum)
    OLED_Showwifi                            0x08003ec9   Thumb Code    94  oled.o(i.OLED_Showwifi)
    OLED_Showwind                            0x08003f2d   Thumb Code    94  oled.o(i.OLED_Showwind)
    OLED_WR_Cmd                              0x08003f91   Thumb Code    34  oled.o(i.OLED_WR_Cmd)
    OLED_WR_Data                             0x08003fb9   Thumb Code    34  oled.o(i.OLED_WR_Data)
    PendSV_Handler                           0x08003fe1   Thumb Code     2  stm32f1xx_it.o(i.PendSV_Handler)
    SVC_Handler                              0x0800400d   Thumb Code     2  stm32f1xx_it.o(i.SVC_Handler)
    SysTick_Handler                          0x0800400f   Thumb Code     8  stm32f1xx_it.o(i.SysTick_Handler)
    SystemClock_Config                       0x08004017   Thumb Code   102  main.o(i.SystemClock_Config)
    SystemInit                               0x0800407d   Thumb Code     2  system_stm32f1xx.o(i.SystemInit)
    TIM_Base_SetConfig                       0x08004081   Thumb Code   150  stm32f1xx_hal_tim.o(i.TIM_Base_SetConfig)
    TIM_CCxChannelCmd                        0x0800412d   Thumb Code    34  stm32f1xx_hal_tim.o(i.TIM_CCxChannelCmd)
    TIM_ETR_SetConfig                        0x0800414f   Thumb Code    22  stm32f1xx_hal_tim.o(i.TIM_ETR_SetConfig)
    TIM_OC2_SetConfig                        0x080041e9   Thumb Code   114  stm32f1xx_hal_tim.o(i.TIM_OC2_SetConfig)
    UART_Start_Receive_DMA                   0x080047b1   Thumb Code   186  stm32f1xx_hal_uart.o(i.UART_Start_Receive_DMA)
    USART1_IRQHandler                        0x08004965   Thumb Code    92  stm32f1xx_it.o(i.USART1_IRQHandler)
    USART2_IRQHandler                        0x080049d5   Thumb Code    92  stm32f1xx_it.o(i.USART2_IRQHandler)
    UsageFault_Handler                       0x08004a45   Thumb Code     4  stm32f1xx_it.o(i.UsageFault_Handler)
    WhetherReport                            0x08004a49   Thumb Code  4706  youseeme.o(i.WhetherReport)
    Winddirection                            0x08005cab   Thumb Code   388  youseeme.o(i.Winddirection)
    __0printf                                0x08005e31   Thumb Code    22  printfa.o(i.__0printf)
    __1printf                                0x08005e31   Thumb Code     0  printfa.o(i.__0printf)
    __2printf                                0x08005e31   Thumb Code     0  printfa.o(i.__0printf)
    __c89printf                              0x08005e31   Thumb Code     0  printfa.o(i.__0printf)
    printf                                   0x08005e31   Thumb Code     0  printfa.o(i.__0printf)
    __0sprintf                               0x08005e51   Thumb Code    34  printfa.o(i.__0sprintf)
    __1sprintf                               0x08005e51   Thumb Code     0  printfa.o(i.__0sprintf)
    __2sprintf                               0x08005e51   Thumb Code     0  printfa.o(i.__0sprintf)
    __c89sprintf                             0x08005e51   Thumb Code     0  printfa.o(i.__0sprintf)
    sprintf                                  0x08005e51   Thumb Code     0  printfa.o(i.__0sprintf)
    __ARM_fpclassify                         0x08005e79   Thumb Code    40  fpclassify.o(i.__ARM_fpclassify)
    __aeabi_errno_addr                       0x08005ed9   Thumb Code     4  errno.o(i.__aeabi_errno_addr)
    __rt_errno_addr                          0x08005ed9   Thumb Code     0  errno.o(i.__aeabi_errno_addr)
    __kernel_poly                            0x08005ee1   Thumb Code   170  poly.o(i.__kernel_poly)
    __mathlib_dbl_divzero                    0x08005f8d   Thumb Code    12  dunder.o(i.__mathlib_dbl_divzero)
    __mathlib_dbl_infnan2                    0x08005f9d   Thumb Code     4  dunder.o(i.__mathlib_dbl_infnan2)
    __mathlib_dbl_invalid                    0x08005fa1   Thumb Code    12  dunder.o(i.__mathlib_dbl_invalid)
    __mathlib_dbl_overflow                   0x08005fad   Thumb Code    14  dunder.o(i.__mathlib_dbl_overflow)
    __mathlib_dbl_underflow                  0x08005fbd   Thumb Code    10  dunder.o(i.__mathlib_dbl_underflow)
    __scatterload_copy                       0x08005fcd   Thumb Code    14  handlers.o(i.__scatterload_copy)
    __scatterload_null                       0x08005fdb   Thumb Code     2  handlers.o(i.__scatterload_null)
    __scatterload_zeroinit                   0x08005fdd   Thumb Code    14  handlers.o(i.__scatterload_zeroinit)
    __set_errno                              0x08005fed   Thumb Code     6  errno.o(i.__set_errno)
    conversion                               0x080068b5   Thumb Code   472  main.o(i.conversion)
    fputc                                    0x08006b2d   Thumb Code    22  youseeme.o(i.fputc)
    initialize                               0x08006b49   Thumb Code   398  youseeme.o(i.initialize)
    main                                     0x08006cd9   Thumb Code  1692  main.o(i.main)
    oled_pow                                 0x080073c1   Thumb Code    22  oled.o(i.oled_pow)
    pow                                      0x080073d9   Thumb Code  2512  pow.o(i.pow)
    safety_light                             0x08007db1   Thumb Code   200  youseeme.o(i.safety_light)
    setDigit                                 0x08007e85   Thumb Code    72  youseeme.o(i.setDigit)
    shandiaokongge                           0x08007ed1   Thumb Code    48  youseeme.o(i.shandiaokongge)
    showblinker                              0x08007f01   Thumb Code   174  youseeme.o(i.showblinker)
    showwifiwr                               0x08007faf   Thumb Code   394  youseeme.o(i.showwifiwr)
    sqrt                                     0x08008139   Thumb Code    76  sqrt.o(i.sqrt)
    workshow                                 0x08008185   Thumb Code   958  main.o(i.workshow)
    F6x8                                     0x08008594   Data         552  oled.o(.constdata)
    F8X16                                    0x080087bc   Data        1520  oled.o(.constdata)
    AHBPrescTable                            0x08008dbe   Data          16  system_stm32f1xx.o(.constdata)
    APBPrescTable                            0x08008dce   Data           8  system_stm32f1xx.o(.constdata)
    __mathlib_zero                           0x08008e60   Data           8  qnan.o(.constdata)
    __ctype_table                            0x08008e68   Data         129  ctype_o.o(.constdata)
    Region$$Table$$Base                      0x08008ef0   Number         0  anon$$obj.o(Region$$Table)
    Region$$Table$$Limit                     0x08008f10   Number         0  anon$$obj.o(Region$$Table)
    Hzk                                      0x20000000   Data        8512  oled.o(.data)
    wte                                      0x20002140   Data        3264  oled.o(.data)
    loc                                      0x20002e00   Data         384  oled.o(.data)
    wif                                      0x20002f80   Data        2176  oled.o(.data)
    blk                                      0x20003800   Data        1024  oled.o(.data)
    CMD_Data                                 0x20003c00   Data          27  oled.o(.data)
    DH11_data                                0x20003c1b   Data           8  dht11.o(.data)
    DH11_data2                               0x20003c23   Data           8  dht11.o(.data)
    i                                        0x20003c30   Data           2  main.o(.data)
    temp                                     0x20003c34   Data           4  main.o(.data)
    humi                                     0x20003c38   Data           4  main.o(.data)
    tempout                                  0x20003c3c   Data           4  main.o(.data)
    humiout                                  0x20003c40   Data           4  main.o(.data)
    numctrl                                  0x20003c44   Data           4  main.o(.data)
    numact                                   0x20003c48   Data           4  main.o(.data)
    numeco                                   0x20003c4c   Data           4  main.o(.data)
    numwhether                               0x20003c50   Data           4  main.o(.data)
    numwind1                                 0x20003c54   Data           4  main.o(.data)
    numwind2                                 0x20003c58   Data           4  main.o(.data)
    leftover                                 0x20003c5c   Data           4  main.o(.data)
    leftover2                                0x20003c60   Data           4  main.o(.data)
    leftover3                                0x20003c64   Data           4  main.o(.data)
    leftover4                                0x20003c68   Data           4  main.o(.data)
    leftover5                                0x20003c6c   Data           4  main.o(.data)
    leftover6                                0x20003c70   Data           4  main.o(.data)
    leftover7                                0x20003c74   Data           4  main.o(.data)
    leftover8                                0x20003c78   Data           4  main.o(.data)
    leftover9                                0x20003c7c   Data           4  main.o(.data)
    leftover10                               0x20003c80   Data           4  main.o(.data)
    leftover11                               0x20003c84   Data           4  main.o(.data)
    leftover12                               0x20003c88   Data           4  main.o(.data)
    slpover                                  0x20003c8c   Data           4  main.o(.data)
    slpover2                                 0x20003c90   Data           4  main.o(.data)
    fireloca                                 0x20003c94   Data           1  main.o(.data)
    firetest1                                0x20003c95   Data           1  main.o(.data)
    firetest2                                0x20003c96   Data           1  main.o(.data)
    firetest3                                0x20003c97   Data           1  main.o(.data)
    firetest4                                0x20003c98   Data           1  main.o(.data)
    firetest5                                0x20003c99   Data           1  main.o(.data)
    ledtwinkle                               0x20003c9a   Data           1  main.o(.data)
    pumpdelay                                0x20003c9c   Data           4  main.o(.data)
    ToBlinkerWeCom                           0x20003ca0   Data           4  main.o(.data)
    solarpowernum                            0x20003ca4   Data           4  main.o(.data)
    slpshow                                  0x20003ca8   Data           8  main.o(.data)
    solarwork                                0x20003cb0   Data           4  main.o(.data)
    sendcount                                0x20003cb4   Data           4  main.o(.data)
    whtese                                   0x20003cb8   Data           4  main.o(.data)
    oledroll                                 0x20003cbc   Data           4  main.o(.data)
    window                                   0x20003cc0   Data           4  main.o(.data)
    wifiti                                   0x20003cc4   Data           4  main.o(.data)
    blinker                                  0x20003cc8   Data           4  main.o(.data)
    hand                                     0x20003ccc   Data           4  main.o(.data)
    ii                                       0x20003cd0   Data           4  main.o(.data)
    Rx_len                                   0x20003cd4   Data           1  main.o(.data)
    Rx_len2                                  0x20003cd5   Data           1  main.o(.data)
    uwTick                                   0x20003cd8   Data           4  stm32f1xx_hal.o(.data)
    uwTickPrio                               0x20003cdc   Data           4  stm32f1xx_hal.o(.data)
    uwTickFreq                               0x20003ce0   Data           1  stm32f1xx_hal.o(.data)
    SystemCoreClock                          0x20003ce4   Data           4  system_stm32f1xx.o(.data)
    __stdout                                 0x20003ce8   Data           4  stdout.o(.data)
    WriteBuffer                              0x20003cf0   Data         256  main.o(.bss)
    ReadBuffer                               0x20003df0   Data         256  main.o(.bss)
    showtime                                 0x20003ef0   Data          16  main.o(.bss)
    sendcontrol                              0x20003f00   Data          13  main.o(.bss)
    day1                                     0x20003f10   Data          24  main.o(.bss)
    day2                                     0x20003f28   Data          24  main.o(.bss)
    ReceiveBuff                              0x20003f40   Data          80  main.o(.bss)
    ReceiveBuff2                             0x20003f90   Data          80  main.o(.bss)
    hi2c1                                    0x20003fe0   Data          84  i2c.o(.bss)
    htim1                                    0x20004034   Data          72  tim.o(.bss)
    htim2                                    0x2000407c   Data          72  tim.o(.bss)
    huart1                                   0x200040c4   Data          72  usart.o(.bss)
    huart2                                   0x2000410c   Data          72  usart.o(.bss)
    huart3                                   0x20004154   Data          72  usart.o(.bss)
    hdma_usart1_rx                           0x2000419c   Data          68  usart.o(.bss)
    hdma_usart1_tx                           0x200041e0   Data          68  usart.o(.bss)
    hdma_usart2_rx                           0x20004224   Data          68  usart.o(.bss)
    hdma_usart2_tx                           0x20004268   Data          68  usart.o(.bss)
    __initial_sp                             0x200046b0   Data           0  startup_stm32f103xe.o(STACK)



==============================================================================

Memory Map of the image

  Image Entry point : 0x08000131

  Load Region LR_IROM1 (Base: 0x08000000, Size: 0x0000cc00, Max: 0x00040000, ABSOLUTE, COMPRESSED[0x0000a1b0])

    Execution Region ER_IROM1 (Exec base: 0x08000000, Load base: 0x08000000, Size: 0x00008f10, Max: 0x00040000, ABSOLUTE)

    Exec Addr    Load Addr    Size         Type   Attr      Idx    E Section Name        Object

    0x08000000   0x08000000   0x00000130   Data   RO            3    RESET               startup_stm32f103xe.o
    0x08000130   0x08000130   0x00000000   Code   RO         3810  * .ARM.Collect$$$$00000000  mc_w.l(entry.o)
    0x08000130   0x08000130   0x00000004   Code   RO         4125    .ARM.Collect$$$$00000001  mc_w.l(entry2.o)
    0x08000134   0x08000134   0x00000004   Code   RO         4128    .ARM.Collect$$$$00000004  mc_w.l(entry5.o)
    0x08000138   0x08000138   0x00000000   Code   RO         4130    .ARM.Collect$$$$00000008  mc_w.l(entry7b.o)
    0x08000138   0x08000138   0x00000000   Code   RO         4132    .ARM.Collect$$$$0000000A  mc_w.l(entry8b.o)
    0x08000138   0x08000138   0x00000008   Code   RO         4133    .ARM.Collect$$$$0000000B  mc_w.l(entry9a.o)
    0x08000140   0x08000140   0x00000000   Code   RO         4135    .ARM.Collect$$$$0000000D  mc_w.l(entry10a.o)
    0x08000140   0x08000140   0x00000000   Code   RO         4137    .ARM.Collect$$$$0000000F  mc_w.l(entry11a.o)
    0x08000140   0x08000140   0x00000004   Code   RO         4126    .ARM.Collect$$$$00002712  mc_w.l(entry2.o)
    0x08000144   0x08000144   0x00000024   Code   RO            4    .text               startup_stm32f103xe.o
    0x08000168   0x08000168   0x00000020   Code   RO         3813    .text               mc_w.l(llushr.o)
    0x08000188   0x08000188   0x00000024   Code   RO         3815    .text               mc_w.l(memseta.o)
    0x080001ac   0x080001ac   0x00000018   Code   RO         3817    .text               mc_w.l(strcat.o)
    0x080001c4   0x080001c4   0x00000018   Code   RO         3819    .text               mc_w.l(strncpy.o)
    0x080001dc   0x080001dc   0x00000072   Code   RO         4082    .text               mc_w.l(strtoul.o)
    0x0800024e   0x0800024e   0x000000e4   Code   RO         4084    .text               mf_w.l(dmul.o)
    0x08000332   0x08000332   0x000000de   Code   RO         4086    .text               mf_w.l(ddiv.o)
    0x08000410   0x08000410   0x00000022   Code   RO         4088    .text               mf_w.l(dflti.o)
    0x08000432   0x08000432   0x0000003e   Code   RO         4090    .text               mf_w.l(dfixi.o)
    0x08000470   0x08000470   0x00000026   Code   RO         4092    .text               mf_w.l(f2d.o)
    0x08000496   0x08000496   0x00000038   Code   RO         4094    .text               mf_w.l(d2f.o)
    0x080004ce   0x080004ce   0x00000002   PAD
    0x080004d0   0x080004d0   0x00000014   Code   RO         4096    .text               mf_w.l(cfrcmple.o)
    0x080004e4   0x080004e4   0x0000002c   Code   RO         4140    .text               mc_w.l(uidiv.o)
    0x08000510   0x08000510   0x00000062   Code   RO         4142    .text               mc_w.l(uldiv.o)
    0x08000572   0x08000572   0x00000002   PAD
    0x08000574   0x08000574   0x00000008   Code   RO         4144    .text               mc_w.l(ctype_o.o)
    0x0800057c   0x0800057c   0x0000009e   Code   RO         4179    .text               mc_w.l(_strtoul.o)
    0x0800061a   0x0800061a   0x00000000   Code   RO         4181    .text               mc_w.l(iusefp.o)
    0x0800061a   0x0800061a   0x0000006e   Code   RO         4182    .text               mf_w.l(fepilogue.o)
    0x08000688   0x08000688   0x000000ba   Code   RO         4184    .text               mf_w.l(depilogue.o)
    0x08000742   0x08000742   0x0000014e   Code   RO         4186    .text               mf_w.l(dadd.o)
    0x08000890   0x08000890   0x0000002e   Code   RO         4188    .text               mf_w.l(dscalb.o)
    0x080008be   0x080008be   0x00000030   Code   RO         4190    .text               mf_w.l(dfixul.o)
    0x080008ee   0x080008ee   0x00000002   PAD
    0x080008f0   0x080008f0   0x00000030   Code   RO         4192    .text               mf_w.l(cdrcmple.o)
    0x08000920   0x08000920   0x00000024   Code   RO         4194    .text               mc_w.l(init.o)
    0x08000944   0x08000944   0x0000001e   Code   RO         4196    .text               mc_w.l(llshl.o)
    0x08000962   0x08000962   0x00000024   Code   RO         4198    .text               mc_w.l(llsshr.o)
    0x08000986   0x08000986   0x0000001c   Code   RO         4200    .text               mc_w.l(_chval.o)
    0x080009a2   0x080009a2   0x000000a2   Code   RO         4202    .text               mf_w.l(dsqrt.o)
    0x08000a44   0x08000a44   0x0000005e   Code   RO         4214    .text               mc_w.l(__dclz77c.o)
    0x08000aa2   0x08000aa2   0x00000004   Code   RO          752    i.BusFault_Handler  stm32f1xx_it.o
    0x08000aa6   0x08000aa6   0x00000002   PAD
    0x08000aa8   0x08000aa8   0x0000003c   Code   RO          292    i.DATA_INPUT        dht11.o
    0x08000ae4   0x08000ae4   0x0000003c   Code   RO          293    i.DATA_INPUT2       dht11.o
    0x08000b20   0x08000b20   0x00000044   Code   RO          294    i.DATA_OUTPUT       dht11.o
    0x08000b64   0x08000b64   0x00000044   Code   RO          295    i.DATA_OUTPUT2      dht11.o
    0x08000ba8   0x08000ba8   0x000000c8   Code   RO          296    i.DH11_Read         dht11.o
    0x08000c70   0x08000c70   0x000000c8   Code   RO          297    i.DH11_Read2        dht11.o
    0x08000d38   0x08000d38   0x0000007c   Code   RO          298    i.DH11_Read_Byte    dht11.o
    0x08000db4   0x08000db4   0x0000007c   Code   RO          299    i.DH11_Read_Byte2   dht11.o
    0x08000e30   0x08000e30   0x00000008   Code   RO          300    i.DH11_Task         dht11.o
    0x08000e38   0x08000e38   0x00000008   Code   RO          301    i.DH11_Task2        dht11.o
    0x08000e40   0x08000e40   0x00000010   Code   RO          753    i.DMA1_Channel4_IRQHandler  stm32f1xx_it.o
    0x08000e50   0x08000e50   0x00000010   Code   RO          754    i.DMA1_Channel5_IRQHandler  stm32f1xx_it.o
    0x08000e60   0x08000e60   0x00000010   Code   RO          755    i.DMA1_Channel6_IRQHandler  stm32f1xx_it.o
    0x08000e70   0x08000e70   0x00000010   Code   RO          756    i.DMA1_Channel7_IRQHandler  stm32f1xx_it.o
    0x08000e80   0x08000e80   0x0000002c   Code   RO         1786    i.DMA_SetConfig     stm32f1xx_hal_dma.o
    0x08000eac   0x08000eac   0x00000002   Code   RO          757    i.DebugMon_Handler  stm32f1xx_it.o
    0x08000eae   0x08000eae   0x00000002   PAD
    0x08000eb0   0x08000eb0   0x00000038   Code   RO          302    i.Delay_us          dht11.o
    0x08000ee8   0x08000ee8   0x00000006   Code   RO          487    i.Error_Handler     main.o
    0x08000eee   0x08000eee   0x00000056   Code   RO         1787    i.HAL_DMA_Abort     stm32f1xx_hal_dma.o
    0x08000f44   0x08000f44   0x000001a8   Code   RO         1788    i.HAL_DMA_Abort_IT  stm32f1xx_hal_dma.o
    0x080010ec   0x080010ec   0x00000398   Code   RO         1792    i.HAL_DMA_IRQHandler  stm32f1xx_hal_dma.o
    0x08001484   0x08001484   0x0000008c   Code   RO         1793    i.HAL_DMA_Init      stm32f1xx_hal_dma.o
    0x08001510   0x08001510   0x0000009c   Code   RO         1797    i.HAL_DMA_Start_IT  stm32f1xx_hal_dma.o
    0x080015ac   0x080015ac   0x00000028   Code   RO         1408    i.HAL_Delay         stm32f1xx_hal.o
    0x080015d4   0x080015d4   0x00000340   Code   RO         1723    i.HAL_GPIO_Init     stm32f1xx_hal_gpio.o
    0x08001914   0x08001914   0x00000010   Code   RO         1725    i.HAL_GPIO_ReadPin  stm32f1xx_hal_gpio.o
    0x08001924   0x08001924   0x00000014   Code   RO         1726    i.HAL_GPIO_TogglePin  stm32f1xx_hal_gpio.o
    0x08001938   0x08001938   0x0000000c   Code   RO         1727    i.HAL_GPIO_WritePin  stm32f1xx_hal_gpio.o
    0x08001944   0x08001944   0x0000000c   Code   RO         1412    i.HAL_GetTick       stm32f1xx_hal.o
    0x08001950   0x08001950   0x000001d0   Code   RO          935    i.HAL_I2C_Init      stm32f1xx_hal_i2c.o
    0x08001b20   0x08001b20   0x00000164   Code   RO          956    i.HAL_I2C_Mem_Write  stm32f1xx_hal_i2c.o
    0x08001c84   0x08001c84   0x00000074   Code   RO          603    i.HAL_I2C_MspInit   i2c.o
    0x08001cf8   0x08001cf8   0x00000018   Code   RO         1418    i.HAL_IncTick       stm32f1xx_hal.o
    0x08001d10   0x08001d10   0x00000028   Code   RO         1419    i.HAL_Init          stm32f1xx_hal.o
    0x08001d38   0x08001d38   0x0000004c   Code   RO         1420    i.HAL_InitTick      stm32f1xx_hal.o
    0x08001d84   0x08001d84   0x00000054   Code   RO          864    i.HAL_MspInit       stm32f1xx_hal_msp.o
    0x08001dd8   0x08001dd8   0x00000020   Code   RO         1883    i.HAL_NVIC_EnableIRQ  stm32f1xx_hal_cortex.o
    0x08001df8   0x08001df8   0x0000007c   Code   RO         1889    i.HAL_NVIC_SetPriority  stm32f1xx_hal_cortex.o
    0x08001e74   0x08001e74   0x00000028   Code   RO         1890    i.HAL_NVIC_SetPriorityGrouping  stm32f1xx_hal_cortex.o
    0x08001e9c   0x08001e9c   0x0000018c   Code   RO         1576    i.HAL_RCC_ClockConfig  stm32f1xx_hal_rcc.o
    0x08002028   0x08002028   0x0000000c   Code   RO         1581    i.HAL_RCC_GetHCLKFreq  stm32f1xx_hal_rcc.o
    0x08002034   0x08002034   0x00000020   Code   RO         1583    i.HAL_RCC_GetPCLK1Freq  stm32f1xx_hal_rcc.o
    0x08002054   0x08002054   0x00000020   Code   RO         1584    i.HAL_RCC_GetPCLK2Freq  stm32f1xx_hal_rcc.o
    0x08002074   0x08002074   0x00000070   Code   RO         1585    i.HAL_RCC_GetSysClockFreq  stm32f1xx_hal_rcc.o
    0x080020e4   0x080020e4   0x00000464   Code   RO         1588    i.HAL_RCC_OscConfig  stm32f1xx_hal_rcc.o
    0x08002548   0x08002548   0x00000034   Code   RO         1894    i.HAL_SYSTICK_Config  stm32f1xx_hal_cortex.o
    0x0800257c   0x0800257c   0x00000074   Code   RO         3129    i.HAL_TIMEx_ConfigBreakDeadTime  stm32f1xx_hal_tim_ex.o
    0x080025f0   0x080025f0   0x0000009c   Code   RO         3145    i.HAL_TIMEx_MasterConfigSynchronization  stm32f1xx_hal_tim_ex.o
    0x0800268c   0x0800268c   0x00000066   Code   RO         2411    i.HAL_TIM_Base_Init  stm32f1xx_hal_tim.o
    0x080026f2   0x080026f2   0x00000002   PAD
    0x080026f4   0x080026f4   0x00000054   Code   RO          645    i.HAL_TIM_Base_MspInit  tim.o
    0x08002748   0x08002748   0x00000084   Code   RO         2414    i.HAL_TIM_Base_Start  stm32f1xx_hal_tim.o
    0x080027cc   0x080027cc   0x00000032   Code   RO         2417    i.HAL_TIM_Base_Stop  stm32f1xx_hal_tim.o
    0x080027fe   0x080027fe   0x0000010c   Code   RO         2420    i.HAL_TIM_ConfigClockSource  stm32f1xx_hal_tim.o
    0x0800290a   0x0800290a   0x00000002   PAD
    0x0800290c   0x0800290c   0x00000074   Code   RO          646    i.HAL_TIM_MspPostInit  tim.o
    0x08002980   0x08002980   0x00000104   Code   RO         2483    i.HAL_TIM_PWM_ConfigChannel  stm32f1xx_hal_tim.o
    0x08002a84   0x08002a84   0x00000066   Code   RO         2486    i.HAL_TIM_PWM_Init  stm32f1xx_hal_tim.o
    0x08002aea   0x08002aea   0x00000002   Code   RO         2488    i.HAL_TIM_PWM_MspInit  stm32f1xx_hal_tim.o
    0x08002aec   0x08002aec   0x000000f4   Code   RO         2491    i.HAL_TIM_PWM_Start  stm32f1xx_hal_tim.o
    0x08002be0   0x08002be0   0x00000002   Code   RO         3405    i.HAL_UARTEx_RxEventCallback  stm32f1xx_hal_uart.o
    0x08002be2   0x08002be2   0x0000008a   Code   RO         3417    i.HAL_UART_DMAStop  stm32f1xx_hal_uart.o
    0x08002c6c   0x08002c6c   0x00000002   Code   RO         3419    i.HAL_UART_ErrorCallback  stm32f1xx_hal_uart.o
    0x08002c6e   0x08002c6e   0x00000002   PAD
    0x08002c70   0x08002c70   0x000002e4   Code   RO         3422    i.HAL_UART_IRQHandler  stm32f1xx_hal_uart.o
    0x08002f54   0x08002f54   0x00000076   Code   RO         3423    i.HAL_UART_Init     stm32f1xx_hal_uart.o
    0x08002fca   0x08002fca   0x00000002   PAD
    0x08002fcc   0x08002fcc   0x0000026c   Code   RO          699    i.HAL_UART_MspInit  usart.o
    0x08003238   0x08003238   0x0000002c   Code   RO         3427    i.HAL_UART_Receive_DMA  stm32f1xx_hal_uart.o
    0x08003264   0x08003264   0x00000002   Code   RO         3429    i.HAL_UART_RxCpltCallback  stm32f1xx_hal_uart.o
    0x08003266   0x08003266   0x00000002   Code   RO         3430    i.HAL_UART_RxHalfCpltCallback  stm32f1xx_hal_uart.o
    0x08003268   0x08003268   0x000000be   Code   RO         3431    i.HAL_UART_Transmit  stm32f1xx_hal_uart.o
    0x08003326   0x08003326   0x00000002   Code   RO         3434    i.HAL_UART_TxCpltCallback  stm32f1xx_hal_uart.o
    0x08003328   0x08003328   0x00000004   Code   RO          758    i.HardFault_Handler  stm32f1xx_it.o
    0x0800332c   0x0800332c   0x0000003e   Code   RO          979    i.I2C_IsAcknowledgeFailed  stm32f1xx_hal_i2c.o
    0x0800336a   0x0800336a   0x00000002   PAD
    0x0800336c   0x0800336c   0x000000e0   Code   RO          991    i.I2C_RequestMemoryWrite  stm32f1xx_hal_i2c.o
    0x0800344c   0x0800344c   0x00000066   Code   RO          999    i.I2C_WaitOnBTFFlagUntilTimeout  stm32f1xx_hal_i2c.o
    0x080034b2   0x080034b2   0x000000be   Code   RO         1000    i.I2C_WaitOnFlagUntilTimeout  stm32f1xx_hal_i2c.o
    0x08003570   0x08003570   0x000000fa   Code   RO         1001    i.I2C_WaitOnMasterAddressFlagUntilTimeout  stm32f1xx_hal_i2c.o
    0x0800366a   0x0800366a   0x00000066   Code   RO         1005    i.I2C_WaitOnTXEFlagUntilTimeout  stm32f1xx_hal_i2c.o
    0x080036d0   0x080036d0   0x00000064   Code   RO          578    i.MX_DMA_Init       dma.o
    0x08003734   0x08003734   0x00000194   Code   RO          554    i.MX_GPIO_Init      gpio.o
    0x080038c8   0x080038c8   0x0000003c   Code   RO          604    i.MX_I2C1_Init      i2c.o
    0x08003904   0x08003904   0x000000ec   Code   RO          647    i.MX_TIM1_Init      tim.o
    0x080039f0   0x080039f0   0x0000006c   Code   RO          648    i.MX_TIM2_Init      tim.o
    0x08003a5c   0x08003a5c   0x00000038   Code   RO          700    i.MX_USART1_UART_Init  usart.o
    0x08003a94   0x08003a94   0x00000038   Code   RO          701    i.MX_USART2_UART_Init  usart.o
    0x08003acc   0x08003acc   0x00000038   Code   RO          702    i.MX_USART3_UART_Init  usart.o
    0x08003b04   0x08003b04   0x00000004   Code   RO          759    i.MemManage_Handler  stm32f1xx_it.o
    0x08003b08   0x08003b08   0x00000004   Code   RO          760    i.NMI_Handler       stm32f1xx_it.o
    0x08003b0c   0x08003b0c   0x00000038   Code   RO           13    i.OLED_Clear        oled.o
    0x08003b44   0x08003b44   0x00000038   Code   RO           17    i.OLED_Init         oled.o
    0x08003b7c   0x08003b7c   0x00000024   Code   RO           19    i.OLED_Set_Pos      oled.o
    0x08003ba0   0x08003ba0   0x00000050   Code   RO           20    i.OLED_Show6float   oled.o
    0x08003bf0   0x08003bf0   0x00000064   Code   RO           21    i.OLED_ShowCHinese  oled.o
    0x08003c54   0x08003c54   0x0000009c   Code   RO           22    i.OLED_ShowChar     oled.o
    0x08003cf0   0x08003cf0   0x00000088   Code   RO           23    i.OLED_ShowNum      oled.o
    0x08003d78   0x08003d78   0x0000003a   Code   RO           24    i.OLED_ShowString   oled.o
    0x08003db2   0x08003db2   0x00000002   PAD
    0x08003db4   0x08003db4   0x00000064   Code   RO           25    i.OLED_ShowWte      oled.o
    0x08003e18   0x08003e18   0x00000064   Code   RO           26    i.OLED_Showblk      oled.o
    0x08003e7c   0x08003e7c   0x0000004a   Code   RO           28    i.OLED_ShownNum     oled.o
    0x08003ec6   0x08003ec6   0x00000002   PAD
    0x08003ec8   0x08003ec8   0x00000064   Code   RO           29    i.OLED_Showwifi     oled.o
    0x08003f2c   0x08003f2c   0x00000064   Code   RO           30    i.OLED_Showwind     oled.o
    0x08003f90   0x08003f90   0x00000028   Code   RO           31    i.OLED_WR_Cmd       oled.o
    0x08003fb8   0x08003fb8   0x00000028   Code   RO           32    i.OLED_WR_Data      oled.o
    0x08003fe0   0x08003fe0   0x00000002   Code   RO          761    i.PendSV_Handler    stm32f1xx_it.o
    0x08003fe2   0x08003fe2   0x00000002   PAD
    0x08003fe4   0x08003fe4   0x00000028   Code   RO         1589    i.RCC_Delay         stm32f1xx_hal_rcc.o
    0x0800400c   0x0800400c   0x00000002   Code   RO          762    i.SVC_Handler       stm32f1xx_it.o
    0x0800400e   0x0800400e   0x00000008   Code   RO          763    i.SysTick_Handler   stm32f1xx_it.o
    0x08004016   0x08004016   0x00000066   Code   RO          488    i.SystemClock_Config  main.o
    0x0800407c   0x0800407c   0x00000002   Code   RO         3767    i.SystemInit        system_stm32f1xx.o
    0x0800407e   0x0800407e   0x00000002   PAD
    0x08004080   0x08004080   0x000000ac   Code   RO         2504    i.TIM_Base_SetConfig  stm32f1xx_hal_tim.o
    0x0800412c   0x0800412c   0x00000022   Code   RO         2505    i.TIM_CCxChannelCmd  stm32f1xx_hal_tim.o
    0x0800414e   0x0800414e   0x00000016   Code   RO         2515    i.TIM_ETR_SetConfig  stm32f1xx_hal_tim.o
    0x08004164   0x08004164   0x00000012   Code   RO         2516    i.TIM_ITRx_SetConfig  stm32f1xx_hal_tim.o
    0x08004176   0x08004176   0x00000002   PAD
    0x08004178   0x08004178   0x00000070   Code   RO         2517    i.TIM_OC1_SetConfig  stm32f1xx_hal_tim.o
    0x080041e8   0x080041e8   0x0000007c   Code   RO         2518    i.TIM_OC2_SetConfig  stm32f1xx_hal_tim.o
    0x08004264   0x08004264   0x00000078   Code   RO         2519    i.TIM_OC3_SetConfig  stm32f1xx_hal_tim.o
    0x080042dc   0x080042dc   0x00000054   Code   RO         2520    i.TIM_OC4_SetConfig  stm32f1xx_hal_tim.o
    0x08004330   0x08004330   0x00000026   Code   RO         2522    i.TIM_TI1_ConfigInputStage  stm32f1xx_hal_tim.o
    0x08004356   0x08004356   0x00000028   Code   RO         2524    i.TIM_TI2_ConfigInputStage  stm32f1xx_hal_tim.o
    0x0800437e   0x0800437e   0x00000002   PAD
    0x08004380   0x08004380   0x00000024   Code   RO          303    i.Test              dht11.o
    0x080043a4   0x080043a4   0x00000024   Code   RO          304    i.Test2             dht11.o
    0x080043c8   0x080043c8   0x00000014   Code   RO         3436    i.UART_DMAAbortOnError  stm32f1xx_hal_uart.o
    0x080043dc   0x080043dc   0x00000050   Code   RO         3437    i.UART_DMAError     stm32f1xx_hal_uart.o
    0x0800442c   0x0800442c   0x000000b4   Code   RO         3438    i.UART_DMAReceiveCplt  stm32f1xx_hal_uart.o
    0x080044e0   0x080044e0   0x00000024   Code   RO         3440    i.UART_DMARxHalfCplt  stm32f1xx_hal_uart.o
    0x08004504   0x08004504   0x0000006c   Code   RO         3446    i.UART_EndRxTransfer  stm32f1xx_hal_uart.o
    0x08004570   0x08004570   0x00000020   Code   RO         3447    i.UART_EndTransmit_IT  stm32f1xx_hal_uart.o
    0x08004590   0x08004590   0x00000026   Code   RO         3448    i.UART_EndTxTransfer  stm32f1xx_hal_uart.o
    0x080045b6   0x080045b6   0x000000fc   Code   RO         3449    i.UART_Receive_IT   stm32f1xx_hal_uart.o
    0x080046b2   0x080046b2   0x00000002   PAD
    0x080046b4   0x080046b4   0x000000fc   Code   RO         3450    i.UART_SetConfig    stm32f1xx_hal_uart.o
    0x080047b0   0x080047b0   0x000000c8   Code   RO         3451    i.UART_Start_Receive_DMA  stm32f1xx_hal_uart.o
    0x08004878   0x08004878   0x00000060   Code   RO         3453    i.UART_Transmit_IT  stm32f1xx_hal_uart.o
    0x080048d8   0x080048d8   0x0000008c   Code   RO         3454    i.UART_WaitOnFlagUntilTimeout  stm32f1xx_hal_uart.o
    0x08004964   0x08004964   0x00000070   Code   RO          764    i.USART1_IRQHandler  stm32f1xx_it.o
    0x080049d4   0x080049d4   0x00000070   Code   RO          765    i.USART2_IRQHandler  stm32f1xx_it.o
    0x08004a44   0x08004a44   0x00000004   Code   RO          766    i.UsageFault_Handler  stm32f1xx_it.o
    0x08004a48   0x08004a48   0x00001262   Code   RO          390    i.WhetherReport     youseeme.o
    0x08005caa   0x08005caa   0x00000184   Code   RO          391    i.Winddirection     youseeme.o
    0x08005e2e   0x08005e2e   0x00000002   PAD
    0x08005e30   0x08005e30   0x00000020   Code   RO         4054    i.__0printf         mc_w.l(printfa.o)
    0x08005e50   0x08005e50   0x00000028   Code   RO         4056    i.__0sprintf        mc_w.l(printfa.o)
    0x08005e78   0x08005e78   0x00000028   Code   RO         4112    i.__ARM_fpclassify  m_ws.l(fpclassify.o)
    0x08005ea0   0x08005ea0   0x00000010   Code   RO         1896    i.__NVIC_GetPriorityGrouping  stm32f1xx_hal_cortex.o
    0x08005eb0   0x08005eb0   0x00000028   Code   RO         1897    i.__NVIC_SetPriority  stm32f1xx_hal_cortex.o
    0x08005ed8   0x08005ed8   0x00000008   Code   RO         4172    i.__aeabi_errno_addr  mc_w.l(errno.o)
    0x08005ee0   0x08005ee0   0x000000aa   Code   RO         4114    i.__kernel_poly     m_ws.l(poly.o)
    0x08005f8a   0x08005f8a   0x00000002   PAD
    0x08005f8c   0x08005f8c   0x00000010   Code   RO         4098    i.__mathlib_dbl_divzero  m_ws.l(dunder.o)
    0x08005f9c   0x08005f9c   0x00000004   Code   RO         4100    i.__mathlib_dbl_infnan2  m_ws.l(dunder.o)
    0x08005fa0   0x08005fa0   0x0000000c   Code   RO         4101    i.__mathlib_dbl_invalid  m_ws.l(dunder.o)
    0x08005fac   0x08005fac   0x0000000e   Code   RO         4102    i.__mathlib_dbl_overflow  m_ws.l(dunder.o)
    0x08005fba   0x08005fba   0x00000002   PAD
    0x08005fbc   0x08005fbc   0x00000010   Code   RO         4104    i.__mathlib_dbl_underflow  m_ws.l(dunder.o)
    0x08005fcc   0x08005fcc   0x0000000e   Code   RO         4208    i.__scatterload_copy  mc_w.l(handlers.o)
    0x08005fda   0x08005fda   0x00000002   Code   RO         4209    i.__scatterload_null  mc_w.l(handlers.o)
    0x08005fdc   0x08005fdc   0x0000000e   Code   RO         4210    i.__scatterload_zeroinit  mc_w.l(handlers.o)
    0x08005fea   0x08005fea   0x00000002   PAD
    0x08005fec   0x08005fec   0x0000000c   Code   RO         4174    i.__set_errno       mc_w.l(errno.o)
    0x08005ff8   0x08005ff8   0x00000184   Code   RO         4061    i._fp_digits        mc_w.l(printfa.o)
    0x0800617c   0x0800617c   0x000006dc   Code   RO         4062    i._printf_core      mc_w.l(printfa.o)
    0x08006858   0x08006858   0x00000024   Code   RO         4063    i._printf_post_padding  mc_w.l(printfa.o)
    0x0800687c   0x0800687c   0x0000002e   Code   RO         4064    i._printf_pre_padding  mc_w.l(printfa.o)
    0x080068aa   0x080068aa   0x0000000a   Code   RO         4066    i._sputc            mc_w.l(printfa.o)
    0x080068b4   0x080068b4   0x00000278   Code   RO          490    i.conversion        main.o
    0x08006b2c   0x08006b2c   0x0000001c   Code   RO          394    i.fputc             youseeme.o
    0x08006b48   0x08006b48   0x0000018e   Code   RO          395    i.initialize        youseeme.o
    0x08006cd6   0x08006cd6   0x00000002   PAD
    0x08006cd8   0x08006cd8   0x000006e8   Code   RO          491    i.main              main.o
    0x080073c0   0x080073c0   0x00000016   Code   RO           34    i.oled_pow          oled.o
    0x080073d6   0x080073d6   0x00000002   PAD
    0x080073d8   0x080073d8   0x000009d8   Code   RO         3801    i.pow               m_ws.l(pow.o)
    0x08007db0   0x08007db0   0x000000d4   Code   RO          396    i.safety_light      youseeme.o
    0x08007e84   0x08007e84   0x0000004c   Code   RO          397    i.setDigit          youseeme.o
    0x08007ed0   0x08007ed0   0x00000030   Code   RO          398    i.shandiaokongge    youseeme.o
    0x08007f00   0x08007f00   0x000000ae   Code   RO          399    i.showblinker       youseeme.o
    0x08007fae   0x08007fae   0x0000018a   Code   RO          400    i.showwifiwr        youseeme.o
    0x08008138   0x08008138   0x0000004c   Code   RO         4118    i.sqrt              m_ws.l(sqrt.o)
    0x08008184   0x08008184   0x00000410   Code   RO          492    i.workshow          main.o
    0x08008594   0x08008594   0x00000818   Data   RO           35    .constdata          oled.o
    0x08008dac   0x08008dac   0x00000012   Data   RO         1590    .constdata          stm32f1xx_hal_rcc.o
    0x08008dbe   0x08008dbe   0x00000018   Data   RO         3768    .constdata          system_stm32f1xx.o
    0x08008dd6   0x08008dd6   0x00000002   PAD
    0x08008dd8   0x08008dd8   0x00000088   Data   RO         3802    .constdata          m_ws.l(pow.o)
    0x08008e60   0x08008e60   0x00000008   Data   RO         4116    .constdata          m_ws.l(qnan.o)
    0x08008e68   0x08008e68   0x00000081   Data   RO         4145    .constdata          mc_w.l(ctype_o.o)
    0x08008ee9   0x08008ee9   0x00000003   PAD
    0x08008eec   0x08008eec   0x00000004   Data   RO         4146    .constdata          mc_w.l(ctype_o.o)
    0x08008ef0   0x08008ef0   0x00000020   Data   RO         4206    Region$$Table       anon$$obj.o


    Execution Region RW_IRAM1 (Exec base: 0x20000000, Load base: 0x08008f10, Size: 0x000046b0, Max: 0x0000c000, ABSOLUTE, COMPRESSED[0x000012a0])

    Exec Addr    Load Addr    Size         Type   Attr      Idx    E Section Name        Object

    0x20000000   COMPRESSED   0x00003c1b   Data   RW           36    .data               oled.o
    0x20003c1b   COMPRESSED   0x00000010   Data   RW          305    .data               dht11.o
    0x20003c2b   COMPRESSED   0x00000005   PAD
    0x20003c30   COMPRESSED   0x000000a6   Data   RW          495    .data               main.o
    0x20003cd6   COMPRESSED   0x00000002   PAD
    0x20003cd8   COMPRESSED   0x00000009   Data   RW         1426    .data               stm32f1xx_hal.o
    0x20003ce1   COMPRESSED   0x00000003   PAD
    0x20003ce4   COMPRESSED   0x00000004   Data   RW         3769    .data               system_stm32f1xx.o
    0x20003ce8   COMPRESSED   0x00000004   Data   RW         4139    .data               mc_w.l(stdout.o)
    0x20003cec   COMPRESSED   0x00000004   Data   RW         4175    .data               mc_w.l(errno.o)
    0x20003cf0        -       0x000002f0   Zero   RW          493    .bss                main.o
    0x20003fe0        -       0x00000054   Zero   RW          605    .bss                i2c.o
    0x20004034        -       0x00000090   Zero   RW          649    .bss                tim.o
    0x200040c4        -       0x000001e8   Zero   RW          703    .bss                usart.o
    0x200042ac   COMPRESSED   0x00000004   PAD
    0x200042b0        -       0x00000400   Zero   RW            1    STACK               startup_stm32f103xe.o


==============================================================================

Image component sizes


      Code (inc. data)   RO Data    RW Data    ZI Data      Debug   Object Name

      1048         64          0         16          0       8228   dht11.o
       100          4          0          0          0        790   dma.o
       404         22          0          0          0       1135   gpio.o
       176         24          0          0         84       1593   i2c.o
      3548        492          0        166        752       6549   main.o
      1254         68       2072      15387          0     506154   oled.o
        36          8        304          0       1024        800   startup_stm32f103xe.o
       192         36          0          9          0       6469   stm32f1xx_hal.o
       304         22          0          0          0      29387   stm32f1xx_hal_cortex.o
      1770         28          0          0          0       5262   stm32f1xx_hal_dma.o
       880         40          0          0          0       3932   stm32f1xx_hal_gpio.o
      1750         30          0          0          0       8159   stm32f1xx_hal_i2c.o
        84          8          0          0          0        886   stm32f1xx_hal_msp.o
      1748         98         18          0          0       5944   stm32f1xx_hal_rcc.o
      1924        102          0          0          0      13203   stm32f1xx_hal_tim.o
       272         22          0          0          0       2124   stm32f1xx_hal_tim_ex.o
      2674         22          0          0          0      16637   stm32f1xx_hal_uart.o
       322         64          0          0          0       7731   stm32f1xx_it.o
         2          0         24          4          0       1107   system_stm32f1xx.o
       544         40          0          0        144       3109   tim.o
       788         76          0          0        488       3264   usart.o
      6424         68          0          0          0       7003   youseeme.o

    ----------------------------------------------------------------------
     26278       1338       2452      15592       2496     639466   Object Totals
         0          0         32          0          0          0   (incl. Generated)
        34          0          2         10          4          0   (incl. Padding)

    ----------------------------------------------------------------------

      Code (inc. data)   RO Data    RW Data    ZI Data      Debug   Library Member Name

        62         10          0          0          0        340   dunder.o
        40          0          0          0          0         68   fpclassify.o
       170          0          0          0          0         96   poly.o
      2520        190        136          0          0        324   pow.o
         0          0          8          0          0          0   qnan.o
        76          0          0          0          0         84   sqrt.o
        94          0          0          0          0          0   __dclz77c.o
        28          0          0          0          0         68   _chval.o
       158          0          0          0          0         92   _strtoul.o
         8          4        133          0          0         68   ctype_o.o
         0          0          0          0          0          0   entry.o
         0          0          0          0          0          0   entry10a.o
         0          0          0          0          0          0   entry11a.o
         8          4          0          0          0          0   entry2.o
         4          0          0          0          0          0   entry5.o
         0          0          0          0          0          0   entry7b.o
         0          0          0          0          0          0   entry8b.o
         8          4          0          0          0          0   entry9a.o
        20         10          0          4          0        136   errno.o
        30          0          0          0          0          0   handlers.o
        36          8          0          0          0         68   init.o
         0          0          0          0          0          0   iusefp.o
        30          0          0          0          0         68   llshl.o
        36          0          0          0          0         68   llsshr.o
        32          0          0          0          0         68   llushr.o
        36          0          0          0          0        108   memseta.o
      2308         96          0          0          0        604   printfa.o
         0          0          0          4          0          0   stdout.o
        24          0          0          0          0         68   strcat.o
        24          0          0          0          0         76   strncpy.o
       114          0          0          0          0         92   strtoul.o
        44          0          0          0          0         80   uidiv.o
        98          0          0          0          0         92   uldiv.o
        48          0          0          0          0         68   cdrcmple.o
        20          0          0          0          0         68   cfrcmple.o
        56          0          0          0          0         88   d2f.o
       334          0          0          0          0        148   dadd.o
       222          0          0          0          0        100   ddiv.o
       186          0          0          0          0        176   depilogue.o
        62          0          0          0          0         80   dfixi.o
        48          0          0          0          0         68   dfixul.o
        34          0          0          0          0         76   dflti.o
       228          0          0          0          0         96   dmul.o
        46          0          0          0          0         80   dscalb.o
       162          0          0          0          0        100   dsqrt.o
        38          0          0          0          0         68   f2d.o
       110          0          0          0          0        168   fepilogue.o

    ----------------------------------------------------------------------
      7614        326        280          8          0       4052   Library Totals
        12          0          3          0          0          0   (incl. Padding)

    ----------------------------------------------------------------------

      Code (inc. data)   RO Data    RW Data    ZI Data      Debug   Library Name

      2868        200        144          0          0        912   m_ws.l
      3140        126        133          8          0       1756   mc_w.l
      1594          0          0          0          0       1384   mf_w.l

    ----------------------------------------------------------------------
      7614        326        280          8          0       4052   Library Totals

    ----------------------------------------------------------------------

==============================================================================


      Code (inc. data)   RO Data    RW Data    ZI Data      Debug   

     33892       1664       2732      15600       2496     634026   Grand Totals
     33892       1664       2732       4768       2496     634026   ELF Image Totals (compressed)
     33892       1664       2732       4768          0          0   ROM Totals

==============================================================================

    Total RO  Size (Code + RO Data)                36624 (  35.77kB)
    Total RW  Size (RW Data + ZI Data)             18096 (  17.67kB)
    Total ROM Size (Code + RO Data + RW Data)      41392 (  40.42kB)

==============================================================================

